Archive member included to satisfy reference by file (symbol)

/opt/st/stm32cubeide_1.19.0/plugins/com.st.stm32cube.ide.mcu.externaltools.gnu-tools-for-stm32.13.3.rel1.linux64_1.0.0.202410170706/tools/bin/../lib/gcc/arm-none-eabi/13.3.1/../../../../arm-none-eabi/lib/thumb/v6-m/nofp/libc_nano.a(libc_a-exit.o)
                              /opt/st/stm32cubeide_1.19.0/plugins/com.st.stm32cube.ide.mcu.externaltools.gnu-tools-for-stm32.13.3.rel1.linux64_1.0.0.202410170706/tools/bin/../lib/gcc/arm-none-eabi/13.3.1/../../../../arm-none-eabi/lib/thumb/v6-m/nofp/crt0.o (exit)
/opt/st/stm32cubeide_1.19.0/plugins/com.st.stm32cube.ide.mcu.externaltools.gnu-tools-for-stm32.13.3.rel1.linux64_1.0.0.202410170706/tools/bin/../lib/gcc/arm-none-eabi/13.3.1/../../../../arm-none-eabi/lib/thumb/v6-m/nofp/libc_nano.a(libc_a-findfp.o)
                              /opt/st/stm32cubeide_1.19.0/plugins/com.st.stm32cube.ide.mcu.externaltools.gnu-tools-for-stm32.13.3.rel1.linux64_1.0.0.202410170706/tools/bin/../lib/gcc/arm-none-eabi/13.3.1/../../../../arm-none-eabi/lib/thumb/v6-m/nofp/libc_nano.a(libc_a-exit.o) (__stdio_exit_handler)
/opt/st/stm32cubeide_1.19.0/plugins/com.st.stm32cube.ide.mcu.externaltools.gnu-tools-for-stm32.13.3.rel1.linux64_1.0.0.202410170706/tools/bin/../lib/gcc/arm-none-eabi/13.3.1/../../../../arm-none-eabi/lib/thumb/v6-m/nofp/libc_nano.a(libc_a-fwalk.o)
                              /opt/st/stm32cubeide_1.19.0/plugins/com.st.stm32cube.ide.mcu.externaltools.gnu-tools-for-stm32.13.3.rel1.linux64_1.0.0.202410170706/tools/bin/../lib/gcc/arm-none-eabi/13.3.1/../../../../arm-none-eabi/lib/thumb/v6-m/nofp/libc_nano.a(libc_a-findfp.o) (_fwalk_sglue)
/opt/st/stm32cubeide_1.19.0/plugins/com.st.stm32cube.ide.mcu.externaltools.gnu-tools-for-stm32.13.3.rel1.linux64_1.0.0.202410170706/tools/bin/../lib/gcc/arm-none-eabi/13.3.1/../../../../arm-none-eabi/lib/thumb/v6-m/nofp/libc_nano.a(libc_a-snprintf.o)
                              ./Core/Src/LoRaWAN/lorawan.o (snprintf)
/opt/st/stm32cubeide_1.19.0/plugins/com.st.stm32cube.ide.mcu.externaltools.gnu-tools-for-stm32.13.3.rel1.linux64_1.0.0.202410170706/tools/bin/../lib/gcc/arm-none-eabi/13.3.1/../../../../arm-none-eabi/lib/thumb/v6-m/nofp/libc_nano.a(libc_a-sprintf.o)
                              ./Core/Src/LoRaWAN/lorawan.o (sprintf)
/opt/st/stm32cubeide_1.19.0/plugins/com.st.stm32cube.ide.mcu.externaltools.gnu-tools-for-stm32.13.3.rel1.linux64_1.0.0.202410170706/tools/bin/../lib/gcc/arm-none-eabi/13.3.1/../../../../arm-none-eabi/lib/thumb/v6-m/nofp/libc_nano.a(libc_a-stdio.o)
                              /opt/st/stm32cubeide_1.19.0/plugins/com.st.stm32cube.ide.mcu.externaltools.gnu-tools-for-stm32.13.3.rel1.linux64_1.0.0.202410170706/tools/bin/../lib/gcc/arm-none-eabi/13.3.1/../../../../arm-none-eabi/lib/thumb/v6-m/nofp/libc_nano.a(libc_a-findfp.o) (__sread)
/opt/st/stm32cubeide_1.19.0/plugins/com.st.stm32cube.ide.mcu.externaltools.gnu-tools-for-stm32.13.3.rel1.linux64_1.0.0.202410170706/tools/bin/../lib/gcc/arm-none-eabi/13.3.1/../../../../arm-none-eabi/lib/thumb/v6-m/nofp/libc_nano.a(libc_a-vsnprintf.o)
                              ./Core/Src/main.o (vsnprintf)
/opt/st/stm32cubeide_1.19.0/plugins/com.st.stm32cube.ide.mcu.externaltools.gnu-tools-for-stm32.13.3.rel1.linux64_1.0.0.202410170706/tools/bin/../lib/gcc/arm-none-eabi/13.3.1/../../../../arm-none-eabi/lib/thumb/v6-m/nofp/libc_nano.a(libc_a-memset.o)
                              /opt/st/stm32cubeide_1.19.0/plugins/com.st.stm32cube.ide.mcu.externaltools.gnu-tools-for-stm32.13.3.rel1.linux64_1.0.0.202410170706/tools/bin/../lib/gcc/arm-none-eabi/13.3.1/../../../../arm-none-eabi/lib/thumb/v6-m/nofp/crt0.o (memset)
/opt/st/stm32cubeide_1.19.0/plugins/com.st.stm32cube.ide.mcu.externaltools.gnu-tools-for-stm32.13.3.rel1.linux64_1.0.0.202410170706/tools/bin/../lib/gcc/arm-none-eabi/13.3.1/../../../../arm-none-eabi/lib/thumb/v6-m/nofp/libc_nano.a(libc_a-strstr.o)
                              ./Core/Src/LoRaWAN/lorawan.o (strstr)
/opt/st/stm32cubeide_1.19.0/plugins/com.st.stm32cube.ide.mcu.externaltools.gnu-tools-for-stm32.13.3.rel1.linux64_1.0.0.202410170706/tools/bin/../lib/gcc/arm-none-eabi/13.3.1/../../../../arm-none-eabi/lib/thumb/v6-m/nofp/libc_nano.a(libc_a-closer.o)
                              /opt/st/stm32cubeide_1.19.0/plugins/com.st.stm32cube.ide.mcu.externaltools.gnu-tools-for-stm32.13.3.rel1.linux64_1.0.0.202410170706/tools/bin/../lib/gcc/arm-none-eabi/13.3.1/../../../../arm-none-eabi/lib/thumb/v6-m/nofp/libc_nano.a(libc_a-stdio.o) (_close_r)
/opt/st/stm32cubeide_1.19.0/plugins/com.st.stm32cube.ide.mcu.externaltools.gnu-tools-for-stm32.13.3.rel1.linux64_1.0.0.202410170706/tools/bin/../lib/gcc/arm-none-eabi/13.3.1/../../../../arm-none-eabi/lib/thumb/v6-m/nofp/libc_nano.a(libc_a-reent.o)
[...]
Memory Configuration

Name             Origin             Length             Attributes
RAM              0x20000000         0x00005000         xrw
FLASH            0x08000000         0x00030000         xr
*default*        0x00000000         0xffffffff

Linker script and memory map

LOAD /opt/st/stm32cubeide_1.19.0/plugins/com.st.stm32cube.ide.mcu.externaltools.gnu-tools-for-stm32.13.3.rel1.linux64_1.0.0.202410170706/tools/bin/../lib/gcc/arm-none-eabi/13.3.1/thumb/v6-m/nofp/crti.o
LOAD /opt/st/stm32cubeide_1.19.0/plugins/com.st.stm32cube.ide.mcu.externaltools.gnu-tools-for-stm32.13.3.rel1.linux64_1.0.0.202410170706/tools/bin/../lib/gcc/arm-none-eabi/13.3.1/thumb/v6-m/nofp/crtbegin.o
LOAD /opt/st/stm32cubeide_1.19.0/plugins/com.st.stm32cube.ide.mcu.externaltools.gnu-tools-for-stm32.13.3.rel1.linux64_1.0.0.202410170706/tools/bin/../lib/gcc/arm-none-eabi/13.3.1/../../../../arm-none-eabi/lib/thumb/v6-m/nofp/crt0.o
LOAD ./Core/Src/LoRaWAN/lorawan.o
LOAD ./Core/Src/main.o
LOAD ./Core/Src/stm32l0xx_hal_msp.o
LOAD ./Core/Src/stm32l0xx_it.o
LOAD ./Core/Src/syscalls.o
LOAD ./Core/Src/sysmem.o
LOAD ./Core/Src/system_stm32l0xx.o
LOAD ./Core/Src/sensirion/sensirion.o
LOAD ./Core/Src/sensirion/sensirion_common.o
LOAD ./Core/Src/sensirion/sensirion_i2c.o
LOAD ./Core/Src/sensirion/sensirion_i2c_hal.o
LOAD ./Core/Src/sensirion/sht4x_i2c.o
LOAD ./Core/Src/utils/hex_utils.o
LOAD ./Core/Src/utils/sensor_payload.o
LOAD ./Core/Startup/startup_stm32l073rztx.o
LOAD ./Drivers/STM32L0xx_HAL_Driver/Src/stm32l0xx_hal.o
LOAD ./Drivers/STM32L0xx_HAL_Driver/Src/stm32l0xx_hal_cortex.o
LOAD ./Drivers/STM32L0xx_HAL_Driver/Src/stm32l0xx_hal_dma.o
LOAD ./Drivers/STM32L0xx_HAL_Driver/Src/stm32l0xx_hal_exti.o
LOAD ./Drivers/STM32L0xx_HAL_Driver/Src/stm32l0xx_hal_flash.o
LOAD ./Drivers/STM32L0xx_HAL_Driver/Src/stm32l0xx_hal_flash_ex.o
LOAD ./Drivers/STM32L0xx_HAL_Driver/Src/stm32l0xx_hal_flash_ramfunc.o
LOAD ./Drivers/STM32L0xx_HAL_Driver/Src/stm32l0xx_hal_gpio.o
LOAD ./Drivers/STM32L0xx_HAL_Driver/Src/stm32l0xx_hal_i2c.o
LOAD ./Drivers/STM32L0xx_HAL_Driver/Src/stm32l0xx_hal_i2c_ex.o
LOAD ./Drivers/STM32L0xx_HAL_Driver/Src/stm32l0xx_hal_pwr.o
LOAD ./Drivers/STM32L0xx_HAL_Driver/Src/stm32l0xx_hal_pwr_ex.o
LOAD ./Drivers/STM32L0xx_HAL_Driver/Src/stm32l0xx_hal_rcc.o
LOAD ./Drivers/STM32L0xx_HAL_Driver/Src/stm32l0xx_hal_rcc_ex.o
LOAD ./Drivers/STM32L0xx_HAL_Driver/Src/stm32l0xx_hal_rtc.o
LOAD ./Drivers/STM32L0xx_HAL_Driver/Src/stm32l0xx_hal_rtc_ex.o
LOAD ./Drivers/STM32L0xx_HAL_Driver/Src/stm32l0xx_hal_uart.o
LOAD ./Drivers/STM32L0xx_HAL_Driver/Src/stm32l0xx_hal_uart_ex.o
START GROUP
LOAD /opt/st/stm32cubeide_1.19.0/plugins/com.st.stm32cube.ide.mcu.externaltools.gnu-tools-for-stm32.13.3.rel1.linux64_1.0.0.202410170706/tools/bin/../lib/gcc/arm-none-eabi/13.3.1/../../../../arm-none-eabi/lib/thumb/v6-m/nofp/libc_nano.a
LOAD /opt/st/stm32cubeide_1.19.0/plugins/com.st.stm32cube.ide.mcu.externaltools.gnu-tools-for-stm32.13.3.rel1.linux64_1.0.0.202410170706/tools/bin/../lib/gcc/arm-none-eabi/13.3.1/../../../../arm-none-eabi/lib/thumb/v6-m/nofp/libm.a
END GROUP
START GROUP
LOAD /opt/st/stm32cubeide_1.19.0/plugins/com.st.stm32cube.ide.mcu.externaltools.gnu-tools-for-stm32.13.3.rel1.linux64_1.0.0.202410170706/tools/bin/../lib/gcc/arm-none-eabi/13.3.1/thumb/v6-m/nofp/libgcc.a
LOAD /opt/st/stm32cubeide_1.19.0/plugins/com.st.stm32cube.ide.mcu.externaltools.gnu-tools-for-stm32.13.3.rel1.linux64_1.0.0.202410170706/tools/bin/../lib/gcc/arm-none-eabi/13.3.1/../../../../arm-none-eabi/lib/thumb/v6-m/nofp/libc_nano.a
END GROUP
START GROUP
LOAD /opt/st/stm32cubeide_1.19.0/plugins/com.st.stm32cube.ide.mcu.externaltools.gnu-tools-for-stm32.13.3.rel1.linux64_1.0.0.202410170706/tools/bin/../lib/gcc/arm-none-eabi/13.3.1/thumb/v6-m/nofp/libgcc.a
LOAD /opt/st/stm32cubeide_1.19.0/plugins/com.st.stm32cube.ide.mcu.externaltools.gnu-tools-for-stm32.13.3.rel1.linux64_1.0.0.202410170706/tools/bin/../lib/gcc/arm-none-eabi/13.3.1/../../../../arm-none-eabi/lib/thumb/v6-m/nofp/libc_nano.a
LOAD /opt/st/stm32cubeide_1.19.0/plugins/com.st.stm32cube.ide.mcu.externaltools.gnu-tools-for-stm32.13.3.rel1.linux64_1.0.0.202410170706/tools/bin/../lib/gcc/arm-none-eabi/13.3.1/../../../../arm-none-eabi/lib/thumb/v6-m/nofp/libnosys.a
END GROUP
START GROUP
LOAD /opt/st/stm32cubeide_1.19.0/plugins/com.st.stm32cube.ide.mcu.externaltools.gnu-tools-for-stm32.13.3.rel1.linux64_1.0.0.202410170706/tools/bin/../lib/gcc/arm-none-eabi/13.3.1/thumb/v6-m/nofp/libgcc.a
LOAD /opt/st/stm32cubeide_1.19.0/plugins/com.st.stm32cube.ide.mcu.externaltools.gnu-tools-for-stm32.13.3.rel1.linux64_1.0.0.202410170706/tools/bin/../lib/gcc/arm-none-eabi/13.3.1/../../../../arm-none-eabi/lib/thumb/v6-m/nofp/libc_nano.a
LOAD /opt/st/stm32cubeide_1.19.0/plugins/com.st.stm32cube.ide.mcu.externaltools.gnu-tools-for-stm32.13.3.rel1.linux64_1.0.0.202410170706/tools/bin/../lib/gcc/arm-none-eabi/13.3.1/../../../../arm-none-eabi/lib/thumb/v6-m/nofp/libnosys.a
END GROUP
LOAD /opt/st/stm32cubeide_1.19.0/plugins/com.st.stm32cube.ide.mcu.externaltools.gnu-tools-for-stm32.13.3.rel1.linux64_1.0.0.202410170706/tools/bin/../lib/gcc/arm-none-eabi/13.3.1/thumb/v6-m/nofp/crtend.o
LOAD /opt/st/stm32cubeide_1.19.0/plugins/com.st.stm32cube.ide.mcu.externaltools.gnu-tools-for-stm32.13.3.rel1.linux64_1.0.0.202410170706/tools/bin/../lib/gcc/arm-none-eabi/13.3.1/thumb/v6-m/nofp/crtn.o
                0x20005000                        _estack = (ORIGIN (RAM) + LENGTH (RAM))
                0x00000200                        _Min_Heap_Size = 0x200
                0x00000400                        _Min_Stack_Size = 0x400

.isr_vector     0x08000000       0xc0
                0x08000000                        . = ALIGN (0x4)
 *(.isr_vector)
 .isr_vector    0x08000000       0xc0 ./Core/Startup/startup_stm32l073rztx.o
                0x08000000                g_pfnVectors
                0x080000c0                        . = ALIGN (0x4)

.text           0x080000c0     0x5d48
                0x080000c0                        . = ALIGN (0x4)
 *(.text)
 .text          0x080000c0       0x48 /opt/st/stm32cubeide_1.19.0/plugins/com.st.stm32cube.ide.mcu.externaltools.gnu-tools-for-stm32.13.3.rel1.linux64_1.0.0.202410170706/tools/bin/../lib/gcc/arm-none-eabi/13.3.1/thumb/v6-m/nofp/crtbegin.o
 .text          0x08000108        0xe /opt/st/stm32cubeide_1.19.0/plugins/com.st.stm32cube.ide.mcu.externaltools.gnu-tools-for-stm32.13.3.rel1.linux64_1.0.0.202410170706/tools/bin/../lib/gcc/arm-none-eabi/13.3.1/../../../../arm-none-eabi/lib/thumb/v6-m/nofp/libc_nano.a(libc_a-strlen.o)
                0x08000108                strlen
 *fill*         0x08000116        0x2 
 .text          0x08000118       0x14 /opt/st/stm32cubeide_1.19.0/plugins/com.st.stm32cube.ide.mcu.externaltools.gnu-tools-for-stm32.13.3.rel1.linux64_1.0.0.202410170706/tools/bin/../lib/gcc/arm-none-eabi/13.3.1/thumb/v6-m/nofp/libgcc.a(_thumb1_case_shi.o)
                0x08000118                __gnu_thumb1_case_shi
 .text          0x0800012c      0x114 /opt/st/stm32cubeide_1.19.0/plugins/com.st.stm32cube.ide.mcu.externaltools.gnu-tools-for-stm32.13.3.rel1.linux64_1.0.0.202410170706/tools/bin/../lib/gcc/arm-none-eabi/13.3.1/thumb/v6-m/nofp/libgcc.a(_udivsi3.o)
                0x0800012c                __udivsi3
                0x0800012c                __aeabi_uidiv
                0x08000238                __aeabi_uidivmod
 .text          0x08000240        0x4 /opt/st/stm32cubeide_1.19.0/plugins/com.st.stm32cube.ide.mcu.externaltools.gnu-tools-for-stm32.13.3.rel1.linux64_1.0.0.202410170706/tools/bin/../lib/gcc/arm-none-eabi/13.3.1/thumb/v6-m/nofp/libgcc.a(_dvmd_tls.o)
                0x08000240                __aeabi_ldiv0
                0x08000240                __aeabi_idiv0
 .text          0x08000244       0x40 /opt/st/stm32cubeide_1.19.0/plugins/com.st.stm32cube.ide.mcu.externaltools.gnu-tools-for-stm32.13.3.rel1.linux64_1.0.0.202410170706/tools/bin/../lib/gcc/arm-none-eabi/13.3.1/thumb/v6-m/nofp/libgcc.a(_aeabi_uldivmod.o)
                0x08000244                __aeabi_uldivmod
 .text          0x08000284      0x198 /opt/st/stm32cubeide_1.19.0/plugins/com.st.stm32cube.ide.mcu.externaltools.gnu-tools-for-stm32.13.3.rel1.linux64_1.0.0.202410170706/tools/bin/../lib/gcc/arm-none-eabi/13.3.1/thumb/v6-m/nofp/libgcc.a(_udivmoddi4.o)
                0x08000284                __udivmoddi4
 .text          0x0800041c       0x18 /opt/st/stm32cubeide_1.19.0/plugins/com.st.stm32cube.ide.mcu.externaltools.gnu-tools-for-stm32.13.3.rel1.linux64_1.0.0.202410170706/tools/bin/../lib/gcc/arm-none-eabi/13.3.1/thumb/v6-m/nofp/libgcc.a(_clzdi2.o)
                0x0800041c                __clzdi2
 .text          0x08000434       0x3c /opt/st/stm32cubeide_1.19.0/plugins/com.st.stm32cube.ide.mcu.externaltools.gnu-tools-for-stm32.13.3.rel1.linux64_1.0.0.202410170706/tools/bin/../lib/gcc/arm-none-eabi/13.3.1/thumb/v6-m/nofp/libgcc.a(_clzsi2.o)
                0x08000434                __clzsi2
 *(.text*)
 .text.ATC_SendReceive
                0x08000470       0xe0 ./Core/Src/LoRaWAN/lorawan.o
 .text.send_data_and_get_response
                0x08000550       0xc0 ./Core/Src/LoRaWAN/lorawan.o
                0x08000550                send_data_and_get_response
 .text.LoRaWAN_Join
                0x08000610       0xf8 ./Core/Src/LoRaWAN/lorawan.o
                0x08000610                LoRaWAN_Join
 .text.RTC_IRQHandler
                0x08000708       0x18 ./Core/Src/main.o
                0x08000708                RTC_IRQHandler
 .text.RTC_WakeUp_Init
                0x08000720       0x74 ./Core/Src/main.o
                0x08000720                RTC_WakeUp_Init
 .text.HAL_RTCEx_WakeUpTimerEventCallback
                0x08000794       0x28 ./Core/Src/main.o
                0x08000794                HAL_RTCEx_WakeUpTimerEventCallback
 .text.Enter_Stop_Mode
                0x080007bc       0x68 ./Core/Src/main.o
                0x080007bc                Enter_Stop_Mode
 .text.main     0x08000824      0x17c ./Core/Src/main.o
                0x08000824                main
 .text.SystemClock_Config
                0x080009a0       0xf0 ./Core/Src/main.o
                0x080009a0                SystemClock_Config
 .text.MX_I2C1_Init
                0x08000a90       0x80 ./Core/Src/main.o
 .text.MX_LPUART1_UART_Init
                0x08000b10       0x64 ./Core/Src/main.o
 .text.MX_USART1_UART_Init
                0x08000b74       0x6c ./Core/Src/main.o
 .text.MX_RTC_Init
                0x08000be0       0x54 ./Core/Src/main.o
 .text.MX_GPIO_Init
                0x08000c34       0x88 ./Core/Src/main.o
 .text.ConsolePrintf
                0x08000cbc       0xec ./Core/Src/main.o
                0x08000cbc                ConsolePrintf
 .text.Error_Handler
                0x08000da8        0xc ./Core/Src/main.o
                0x08000da8                Error_Handler
 .text.HAL_MspInit
                0x08000db4       0x28 ./Core/Src/stm32l0xx_hal_msp.o
                0x08000db4                HAL_MspInit
 .text.HAL_I2C_MspInit
                0x08000ddc       0x88 ./Core/Src/stm32l0xx_hal_msp.o
                0x08000ddc                HAL_I2C_MspInit
 .text.HAL_I2C_MspDeInit
                0x08000e64       0x4c ./Core/Src/stm32l0xx_hal_msp.o
                0x08000e64                HAL_I2C_MspDeInit
 .text.HAL_UART_MspInit
                0x08000eb0       0xec ./Core/Src/stm32l0xx_hal_msp.o
                0x08000eb0                HAL_UART_MspInit
 .text.HAL_UART_MspDeInit
                0x08000f9c       0x70 ./Core/Src/stm32l0xx_hal_msp.o
                0x08000f9c                HAL_UART_MspDeInit
 .text.HAL_RTC_MspInit
                0x0800100c       0x30 ./Core/Src/stm32l0xx_hal_msp.o
                0x0800100c                HAL_RTC_MspInit
 .text.NMI_Handler
                0x0800103c        0x8 ./Core/Src/stm32l0xx_it.o
                0x0800103c                NMI_Handler
 .text.HardFault_Handler
                0x08001044        0x8 ./Core/Src/stm32l0xx_it.o
                0x08001044                HardFault_Handler
 .text.SVC_Handler
                0x0800104c        0xa ./Core/Src/stm32l0xx_it.o
                0x0800104c                SVC_Handler
 .text.PendSV_Handler
                0x08001056        0xa ./Core/Src/stm32l0xx_it.o
                0x08001056                PendSV_Handler
 .text.SysTick_Handler
                0x08001060        0xe ./Core/Src/stm32l0xx_it.o
                0x08001060                SysTick_Handler
 *fill*         0x0800106e        0x2 
 .text._sbrk    0x08001070       0x6c ./Core/Src/sysmem.o
                0x08001070                _sbrk
 .text.SystemInit
                0x080010dc        0xa ./Core/Src/system_stm32l0xx.o
                0x080010dc                SystemInit
 *fill*         0x080010e6        0x2 
 .text.scan_i2c_bus
                0x080010e8       0x7c ./Core/Src/sensirion/sensirion.o
                0x080010e8                scan_i2c_bus
 .text.sensor_init_and_read
                0x08001164      0x150 ./Core/Src/sensirion/sensirion.o
                0x08001164                sensor_init_and_read
 .text.sensirion_common_bytes_to_uint16_t
                0x080012b4       0x28 ./Core/Src/sensirion/sensirion_common.o
                0x080012b4                sensirion_common_bytes_to_uint16_t
 .text.sensirion_i2c_generate_crc
                0x080012dc       0xae ./Core/Src/sensirion/sensirion_i2c.o
                0x080012dc                sensirion_i2c_generate_crc
 .text.sensirion_i2c_check_crc
                0x0800138a       0x40 ./Core/Src/sensirion/sensirion_i2c.o
                0x0800138a                sensirion_i2c_check_crc
 .text.sensirion_i2c_add_command8_to_buffer
                0x080013ca       0x3a ./Core/Src/sensirion/sensirion_i2c.o
                0x080013ca                sensirion_i2c_add_command8_to_buffer
 .text.sensirion_i2c_write_data
                0x08001404       0x32 ./Core/Src/sensirion/sensirion_i2c.o
                0x08001404                sensirion_i2c_write_data
 .text.sensirion_i2c_read_data_inplace
                0x08001436      0x120 ./Core/Src/sensirion/sensirion_i2c.o
                0x08001436                sensirion_i2c_read_data_inplace
 *fill*         0x08001556        0x2 
 .text.sensirion_i2c_hal_read
                0x08001558       0x44 ./Core/Src/sensirion/sensirion_i2c_hal.o
                0x08001558                sensirion_i2c_hal_read
 .text.sensirion_i2c_hal_write
                0x0800159c       0x44 ./Core/Src/sensirion/sensirion_i2c_hal.o
                0x0800159c                sensirion_i2c_hal_write
 .text.sensirion_i2c_hal_sleep_usec
                0x080015e0       0x54 ./Core/Src/sensirion/sensirion_i2c_hal.o
                0x080015e0                sensirion_i2c_hal_sleep_usec
 .text.sht4x_init
                0x08001634       0x20 ./Core/Src/sensirion/sht4x_i2c.o
                0x08001634                sht4x_init
 .text.sht4x_measure_high_precision_ticks
                0x08001654       0xc8 ./Core/Src/sensirion/sht4x_i2c.o
                0x08001654                sht4x_measure_high_precision_ticks
 .text.sht4x_soft_reset
                0x0800171c       0x78 ./Core/Src/sensirion/sht4x_i2c.o
                0x0800171c                sht4x_soft_reset
 .text.Reset_Handler
                0x08001794       0x50 ./Core/Startup/startup_stm32l073rztx.o
                0x08001794                Reset_Handler
 .text.Default_Handler
                0x080017e4        0x2 ./Core/Startup/startup_stm32l073rztx.o
                0x080017e4                TSC_IRQHandler
                0x080017e4                ADC1_COMP_IRQHandler
                0x080017e4                PVD_IRQHandler
                0x080017e4                I2C1_IRQHandler
                0x080017e4                RCC_CRS_IRQHandler
                0x080017e4                SPI1_IRQHandler
                0x080017e4                TIM6_DAC_IRQHandler
                0x080017e4                EXTI2_3_IRQHandler
                0x080017e4                I2C2_IRQHandler
                0x080017e4                LCD_IRQHandler
                0x080017e4                DMA1_Channel4_5_6_7_IRQHandler
                0x080017e4                TIM3_IRQHandler
                0x080017e4                EXTI4_15_IRQHandler
                0x080017e4                DMA1_Channel1_IRQHandler
                0x080017e4                USART4_5_IRQHandler
                0x080017e4                Default_Handler
                0x080017e4                TIM22_IRQHandler
                0x080017e4                TIM7_IRQHandler
                0x080017e4                EXTI0_1_IRQHandler
                0x080017e4                USB_IRQHandler
                0x080017e4                I2C3_IRQHandler
                0x080017e4                SPI2_IRQHandler
                0x080017e4                TIM21_IRQHandler
                0x080017e4                WWDG_IRQHandler
                0x080017e4                TIM2_IRQHandler
                0x080017e4                DMA1_Channel2_3_IRQHandler
                0x080017e4                USART2_IRQHandler
                0x080017e4                FLASH_IRQHandler
                0x080017e4                USART1_IRQHandler
                0x080017e4                RNG_LPUART1_IRQHandler
                0x080017e4                LPTIM1_IRQHandler
 *fill*         0x080017e6        0x2 
 .text.HAL_Init
                0x080017e8       0x40 ./Drivers/STM32L0xx_HAL_Driver/Src/stm32l0xx_hal.o
                0x080017e8                HAL_Init
 .text.HAL_InitTick
                0x08001828       0x68 ./Drivers/STM32L0xx_HAL_Driver/Src/stm32l0xx_hal.o
                0x08001828                HAL_InitTick
 .text.HAL_IncTick
                0x08001890       0x24 ./Drivers/STM32L0xx_HAL_Driver/Src/stm32l0xx_hal.o
                0x08001890                HAL_IncTick
 .text.HAL_GetTick
                0x080018b4       0x14 ./Drivers/STM32L0xx_HAL_Driver/Src/stm32l0xx_hal.o
                0x080018b4                HAL_GetTick
 .text.HAL_Delay
                0x080018c8       0x48 ./Drivers/STM32L0xx_HAL_Driver/Src/stm32l0xx_hal.o
                0x080018c8                HAL_Delay
 .text.HAL_SuspendTick
                0x08001910       0x1c ./Drivers/STM32L0xx_HAL_Driver/Src/stm32l0xx_hal.o
                0x08001910                HAL_SuspendTick
 .text.HAL_ResumeTick
                0x0800192c       0x1c ./Drivers/STM32L0xx_HAL_Driver/Src/stm32l0xx_hal.o
                0x0800192c                HAL_ResumeTick
 .text.HAL_GetHalVersion
                0x08001948       0x10 ./Drivers/STM32L0xx_HAL_Driver/Src/stm32l0xx_hal.o
                0x08001948                HAL_GetHalVersion
 .text.__NVIC_EnableIRQ
                0x08001958       0x34 ./Drivers/STM32L0xx_HAL_Driver/Src/stm32l0xx_hal_cortex.o
 .text.__NVIC_SetPriority
                0x0800198c       0xdc ./Drivers/STM32L0xx_HAL_Driver/Src/stm32l0xx_hal_cortex.o
 .text.SysTick_Config
                0x08001a68       0x48 ./Drivers/STM32L0xx_HAL_Driver/Src/stm32l0xx_hal_cortex.o
 .text.HAL_NVIC_SetPriority
                0x08001ab0       0x2a ./Drivers/STM32L0xx_HAL_Driver/Src/stm32l0xx_hal_cortex.o
                0x08001ab0                HAL_NVIC_SetPriority
 .text.HAL_NVIC_EnableIRQ
                0x08001ada       0x20 ./Drivers/STM32L0xx_HAL_Driver/Src/stm32l0xx_hal_cortex.o
                0x08001ada                HAL_NVIC_EnableIRQ
 .text.HAL_SYSTICK_Config
                0x08001afa       0x1a ./Drivers/STM32L0xx_HAL_Driver/Src/stm32l0xx_hal_cortex.o
                0x08001afa                HAL_SYSTICK_Config
 .text.HAL_GPIO_Init
                0x08001b14      0x2fc ./Drivers/STM32L0xx_HAL_Driver/Src/stm32l0xx_hal_gpio.o
                0x08001b14                HAL_GPIO_Init
 .text.HAL_GPIO_DeInit
                0x08001e10      0x1c4 ./Drivers/STM32L0xx_HAL_Driver/Src/stm32l0xx_hal_gpio.o
                0x08001e10                HAL_GPIO_DeInit
 .text.HAL_GPIO_WritePin
                0x08001fd4       0x3a ./Drivers/STM32L0xx_HAL_Driver/Src/stm32l0xx_hal_gpio.o
                0x08001fd4                HAL_GPIO_WritePin
 *fill*         0x0800200e        0x2 
 .text.HAL_I2C_Init
                0x08002010      0x14c ./Drivers/STM32L0xx_HAL_Driver/Src/stm32l0xx_hal_i2c.o
                0x08002010                HAL_I2C_Init
 .text.HAL_I2C_DeInit
                0x0800215c       0x60 ./Drivers/STM32L0xx_HAL_Driver/Src/stm32l0xx_hal_i2c.o
                0x0800215c                HAL_I2C_DeInit
 .text.HAL_I2C_Master_Transmit
                0x080021bc      0x254 ./Drivers/STM32L0xx_HAL_Driver/Src/stm32l0xx_hal_i2c.o
                0x080021bc                HAL_I2C_Master_Transmit
 .text.HAL_I2C_Master_Receive
                0x08002410      0x210 ./Drivers/STM32L0xx_HAL_Driver/Src/stm32l0xx_hal_i2c.o
                0x08002410                HAL_I2C_Master_Receive
 .text.HAL_I2C_IsDeviceReady
                0x08002620      0x1f8 ./Drivers/STM32L0xx_HAL_Driver/Src/stm32l0xx_hal_i2c.o
                0x08002620                HAL_I2C_IsDeviceReady
 .text.I2C_Flush_TXDR
                0x08002818       0x44 ./Drivers/STM32L0xx_HAL_Driver/Src/stm32l0xx_hal_i2c.o
 .text.I2C_WaitOnFlagUntilTimeout
                0x0800285c       0xb0 ./Drivers/STM32L0xx_HAL_Driver/Src/stm32l0xx_hal_i2c.o
 .text.I2C_WaitOnTXISFlagUntilTimeout
                0x0800290c       0x8c ./Drivers/STM32L0xx_HAL_Driver/Src/stm32l0xx_hal_i2c.o
 .text.I2C_WaitOnSTOPFlagUntilTimeout
                0x08002998       0x86 ./Drivers/STM32L0xx_HAL_Driver/Src/stm32l0xx_hal_i2c.o
 *fill*         0x08002a1e        0x2 
 .text.I2C_WaitOnRXNEFlagUntilTimeout
                0x08002a20      0x13c ./Drivers/STM32L0xx_HAL_Driver/Src/stm32l0xx_hal_i2c.o
 .text.I2C_IsErrorOccurred
                0x08002b5c      0x1f0 ./Drivers/STM32L0xx_HAL_Driver/Src/stm32l0xx_hal_i2c.o
 .text.I2C_TransferConfig
                0x08002d4c       0x74 ./Drivers/STM32L0xx_HAL_Driver/Src/stm32l0xx_hal_i2c.o
 .text.HAL_I2CEx_ConfigAnalogFilter
                0x08002dc0       0x98 ./Drivers/STM32L0xx_HAL_Driver/Src/stm32l0xx_hal_i2c_ex.o
                0x08002dc0                HAL_I2CEx_ConfigAnalogFilter
 .text.HAL_I2CEx_ConfigDigitalFilter
                0x08002e58       0x98 ./Drivers/STM32L0xx_HAL_Driver/Src/stm32l0xx_hal_i2c_ex.o
                0x08002e58                HAL_I2CEx_ConfigDigitalFilter
 .text.HAL_PWR_EnterSTOPMode
                0x08002ef0       0xb8 ./Drivers/STM32L0xx_HAL_Driver/Src/stm32l0xx_hal_pwr.o
                0x08002ef0                HAL_PWR_EnterSTOPMode
 .text.HAL_RCC_OscConfig
                0x08002fa8      0x7a8 ./Drivers/STM32L0xx_HAL_Driver/Src/stm32l0xx_hal_rcc.o
                0x08002fa8                HAL_RCC_OscConfig
 .text.HAL_RCC_ClockConfig
                0x08003750      0x290 ./Drivers/STM32L0xx_HAL_Driver/Src/stm32l0xx_hal_rcc.o
                0x08003750                HAL_RCC_ClockConfig
 .text.HAL_RCC_GetSysClockFreq
                0x080039e0      0x10c ./Drivers/STM32L0xx_HAL_Driver/Src/stm32l0xx_hal_rcc.o
                0x080039e0                HAL_RCC_GetSysClockFreq
 .text.HAL_RCC_GetHCLKFreq
                0x08003aec       0x14 ./Drivers/STM32L0xx_HAL_Driver/Src/stm32l0xx_hal_rcc.o
                0x08003aec                HAL_RCC_GetHCLKFreq
 .text.HAL_RCC_GetPCLK1Freq
                0x08003b00       0x2c ./Drivers/STM32L0xx_HAL_Driver/Src/stm32l0xx_hal_rcc.o
                0x08003b00                HAL_RCC_GetPCLK1Freq
 .text.HAL_RCC_GetPCLK2Freq
                0x08003b2c       0x2c ./Drivers/STM32L0xx_HAL_Driver/Src/stm32l0xx_hal_rcc.o
                0x08003b2c                HAL_RCC_GetPCLK2Freq
 .text.HAL_RCCEx_PeriphCLKConfig
                0x08003b58      0x33c ./Drivers/STM32L0xx_HAL_Driver/Src/stm32l0xx_hal_rcc_ex.o
                0x08003b58                HAL_RCCEx_PeriphCLKConfig
 .text.HAL_RTC_Init
                0x08003e94      0x138 ./Drivers/STM32L0xx_HAL_Driver/Src/stm32l0xx_hal_rtc.o
                0x08003e94                HAL_RTC_Init
 .text.HAL_RTC_GetTime
                0x08003fcc       0xbc ./Drivers/STM32L0xx_HAL_Driver/Src/stm32l0xx_hal_rtc.o
                0x08003fcc                HAL_RTC_GetTime
 .text.HAL_RTC_GetDate
                0x08004088       0xa0 ./Drivers/STM32L0xx_HAL_Driver/Src/stm32l0xx_hal_rtc.o
                0x08004088                HAL_RTC_GetDate
 .text.HAL_RTC_WaitForSynchro
                0x08004128       0x50 ./Drivers/STM32L0xx_HAL_Driver/Src/stm32l0xx_hal_rtc.o
                0x08004128                HAL_RTC_WaitForSynchro
 .text.RTC_EnterInitMode
                0x08004178       0x88 ./Drivers/STM32L0xx_HAL_Driver/Src/stm32l0xx_hal_rtc.o
                0x08004178                RTC_EnterInitMode
 .text.RTC_ExitInitMode
                0x08004200       0x54 ./Drivers/STM32L0xx_HAL_Driver/Src/stm32l0xx_hal_rtc.o
                0x08004200                RTC_ExitInitMode
 .text.RTC_Bcd2ToByte
                0x08004254       0x3e ./Drivers/STM32L0xx_HAL_Driver/Src/stm32l0xx_hal_rtc.o
                0x08004254                RTC_Bcd2ToByte
 *fill*         0x08004292        0x2 
 .text.HAL_RTCEx_SetWakeUpTimer_IT
                0x08004294      0x1b0 ./Drivers/STM32L0xx_HAL_Driver/Src/stm32l0xx_hal_rtc_ex.o
                0x08004294                HAL_RTCEx_SetWakeUpTimer_IT
 .text.HAL_RTCEx_DeactivateWakeUpTimer
                0x08004444       0xc8 ./Drivers/STM32L0xx_HAL_Driver/Src/stm32l0xx_hal_rtc_ex.o
                0x08004444                HAL_RTCEx_DeactivateWakeUpTimer
 .text.HAL_RTCEx_WakeUpTimerIRQHandler
                0x0800450c       0x60 ./Drivers/STM32L0xx_HAL_Driver/Src/stm32l0xx_hal_rtc_ex.o
                0x0800450c                HAL_RTCEx_WakeUpTimerIRQHandler
 .text.HAL_UART_Init
                0x0800456c       0xa8 ./Drivers/STM32L0xx_HAL_Driver/Src/stm32l0xx_hal_uart.o
                0x0800456c                HAL_UART_Init
 .text.HAL_UART_DeInit
                0x08004614       0x7c ./Drivers/STM32L0xx_HAL_Driver/Src/stm32l0xx_hal_uart.o
                0x08004614                HAL_UART_DeInit
 .text.HAL_UART_Transmit
                0x08004690      0x13e ./Drivers/STM32L0xx_HAL_Driver/Src/stm32l0xx_hal_uart.o
                0x08004690                HAL_UART_Transmit
 *fill*         0x080047ce        0x2 
 .text.UART_SetConfig
                0x080047d0      0x53c ./Drivers/STM32L0xx_HAL_Driver/Src/stm32l0xx_hal_uart.o
                0x080047d0                UART_SetConfig
 .text.UART_AdvFeatureConfig
                0x08004d0c      0x168 ./Drivers/STM32L0xx_HAL_Driver/Src/stm32l0xx_hal_uart.o
                0x08004d0c                UART_AdvFeatureConfig
 .text.UART_CheckIdleState
                0x08004e74      0x150 ./Drivers/STM32L0xx_HAL_Driver/Src/stm32l0xx_hal_uart.o
                0x08004e74                UART_CheckIdleState
 .text.UART_WaitOnFlagUntilTimeout
                0x08004fc4       0xde ./Drivers/STM32L0xx_HAL_Driver/Src/stm32l0xx_hal_uart.o
                0x08004fc4                UART_WaitOnFlagUntilTimeout
 *fill*         0x080050a2        0x2 
 .text.UART_EndRxTransfer
                0x080050a4       0xc8 ./Drivers/STM32L0xx_HAL_Driver/Src/stm32l0xx_hal_uart.o
 .text.HAL_UARTEx_ReceiveToIdle
                0x0800516c      0x240 ./Drivers/STM32L0xx_HAL_Driver/Src/stm32l0xx_hal_uart_ex.o
                0x0800516c                HAL_UARTEx_ReceiveToIdle
 .text.snprintf
                0x080053ac       0x6c /opt/st/stm32cubeide_1.19.0/plugins/com.st.stm32cube.ide.mcu.externaltools.gnu-tools-for-stm32.13.3.rel1.linux64_1.0.0.202410170706/tools/bin/../lib/gcc/arm-none-eabi/13.3.1/../../../../arm-none-eabi/lib/thumb/v6-m/nofp/libc_nano.a(libc_a-snprintf.o)
                0x080053ac                snprintf
                0x080053ac                sniprintf
 .text.sprintf  0x08005418       0x44 /opt/st/stm32cubeide_1.19.0/plugins/com.st.stm32cube.ide.mcu.externaltools.gnu-tools-for-stm32.13.3.rel1.linux64_1.0.0.202410170706/tools/bin/../lib/gcc/arm-none-eabi/13.3.1/../../../../arm-none-eabi/lib/thumb/v6-m/nofp/libc_nano.a(libc_a-sprintf.o)
                0x08005418                sprintf
                0x08005418                siprintf
 .text._vsnprintf_r
                0x0800545c       0x5a /opt/st/stm32cubeide_1.19.0/plugins/com.st.stm32cube.ide.mcu.externaltools.gnu-tools-for-stm32.13.3.rel1.linux64_1.0.0.202410170706/tools/bin/../lib/gcc/arm-none-eabi/13.3.1/../../../../arm-none-eabi/lib/thumb/v6-m/nofp/libc_nano.a(libc_a-vsnprintf.o)
                0x0800545c                _vsnprintf_r
                0x0800545c                _vsniprintf_r
 *fill*         0x080054b6        0x2 
 .text.vsnprintf
                0x080054b8       0x18 /opt/st/stm32cubeide_1.19.0/plugins/com.st.stm32cube.ide.mcu.externaltools.gnu-tools-for-stm32.13.3.rel1.linux64_1.0.0.202410170706/tools/bin/../lib/gcc/arm-none-eabi/13.3.1/../../../../arm-none-eabi/lib/thumb/v6-m/nofp/libc_nano.a(libc_a-vsnprintf.o)
                0x080054b8                vsnprintf
                0x080054b8                vsniprintf
 .text.memset   0x080054d0       0x10 /opt/st/stm32cubeide_1.19.0/plugins/com.st.stm32cube.ide.mcu.externaltools.gnu-tools-for-stm32.13.3.rel1.linux64_1.0.0.202410170706/tools/bin/../lib/gcc/arm-none-eabi/13.3.1/../../../../arm-none-eabi/lib/thumb/v6-m/nofp/libc_nano.a(libc_a-memset.o)
                0x080054d0                memset
 .text.strstr   0x080054e0       0x2c /opt/st/stm32cubeide_1.19.0/plugins/com.st.stm32cube.ide.mcu.externaltools.gnu-tools-for-stm32.13.3.rel1.linux64_1.0.0.202410170706/tools/bin/../lib/gcc/arm-none-eabi/13.3.1/../../../../arm-none-eabi/lib/thumb/v6-m/nofp/libc_nano.a(libc_a-strstr.o)
                0x080054e0                strstr
 .text.__errno  0x0800550c        0xc /opt/st/stm32cubeide_1.19.0/plugins/com.st.stm32cube.ide.mcu.externaltools.gnu-tools-for-stm32.13.3.rel1.linux64_1.0.0.202410170706/tools/bin/../lib/gcc/arm-none-eabi/13.3.1/../../../../arm-none-eabi/lib/thumb/v6-m/nofp/libc_nano.a(libc_a-errno.o)
                0x0800550c                __errno
 .text.__libc_init_array
                0x08005518       0x48 /opt/st/stm32cubeide_1.19.0/plugins/com.st.stm32cube.ide.mcu.externaltools.gnu-tools-for-stm32.13.3.rel1.linux64_1.0.0.202410170706/tools/bin/../lib/gcc/arm-none-eabi/13.3.1/../../../../arm-none-eabi/lib/thumb/v6-m/nofp/libc_nano.a(libc_a-init.o)
                0x08005518                __libc_init_array
 .text.__retarget_lock_acquire_recursive
                0x08005560        0x2 /opt/st/stm32cubeide_1.19.0/plugins/com.st.stm32cube.ide.mcu.externaltools.gnu-tools-for-stm32.13.3.rel1.linux64_1.0.0.202410170706/tools/bin/../lib/gcc/arm-none-eabi/13.3.1/../../../../arm-none-eabi/lib/thumb/v6-m/nofp/libc_nano.a(libc_a-lock.o)
                0x08005560                __retarget_lock_acquire_recursive
 .text.__retarget_lock_release_recursive
                0x08005562        0x2 /opt/st/stm32cubeide_1.19.0/plugins/com.st.stm32cube.ide.mcu.externaltools.gnu-tools-for-stm32.13.3.rel1.linux64_1.0.0.202410170706/tools/bin/../lib/gcc/arm-none-eabi/13.3.1/../../../../arm-none-eabi/lib/thumb/v6-m/nofp/libc_nano.a(libc_a-lock.o)
                0x08005562                __retarget_lock_release_recursive
 .text._free_r  0x08005564       0x94 /opt/st/stm32cubeide_1.19.0/plugins/com.st.stm32cube.ide.mcu.externaltools.gnu-tools-for-stm32.13.3.rel1.linux64_1.0.0.202410170706/tools/bin/../lib/gcc/arm-none-eabi/13.3.1/../../../../arm-none-eabi/lib/thumb/v6-m/nofp/libc_nano.a(libc_a-freer.o)
                0x08005564                _free_r
 .text.sbrk_aligned
                0x080055f8       0x44 /opt/st/stm32cubeide_1.19.0/plugins/com.st.stm32cube.ide.mcu.externaltools.gnu-tools-for-stm32.13.3.rel1.linux64_1.0.0.202410170706/tools/bin/../lib/gcc/arm-none-eabi/13.3.1/../../../../arm-none-eabi/lib/thumb/v6-m/nofp/libc_nano.a(libc_a-mallocr.o)
 .text._malloc_r
                0x0800563c      0x100 /opt/st/stm32cubeide_1.19.0/plugins/com.st.stm32cube.ide.mcu.externaltools.gnu-tools-for-stm32.13.3.rel1.linux64_1.0.0.202410170706/tools/bin/../lib/gcc/arm-none-eabi/13.3.1/../../../../arm-none-eabi/lib/thumb/v6-m/nofp/libc_nano.a(libc_a-mallocr.o)
                0x0800563c                _malloc_r
 .text.__malloc_lock
                0x0800573c       0x10 /opt/st/stm32cubeide_1.19.0/plugins/com.st.stm32cube.ide.mcu.externaltools.gnu-tools-for-stm32.13.3.rel1.linux64_1.0.0.202410170706/tools/bin/../lib/gcc/arm-none-eabi/13.3.1/../../../../arm-none-eabi/lib/thumb/v6-m/nofp/libc_nano.a(libc_a-mlock.o)
                0x0800573c                __malloc_lock
 .text.__malloc_unlock
                0x0800574c       0x10 /opt/st/stm32cubeide_1.19.0/plugins/com.st.stm32cube.ide.mcu.externaltools.gnu-tools-for-stm32.13.3.rel1.linux64_1.0.0.202410170706/tools/bin/../lib/gcc/arm-none-eabi/13.3.1/../../../../arm-none-eabi/lib/thumb/v6-m/nofp/libc_nano.a(libc_a-mlock.o)
                0x0800574c                __malloc_unlock
 .text.__ssputs_r
                0x0800575c       0xc0 /opt/st/stm32cubeide_1.19.0/plugins/com.st.stm32cube.ide.mcu.externaltools.gnu-tools-for-stm32.13.3.rel1.linux64_1.0.0.202410170706/tools/bin/../lib/gcc/arm-none-eabi/13.3.1/../../../../arm-none-eabi/lib/thumb/v6-m/nofp/libc_nano.a(libc_a-nano-svfprintf.o)
                0x0800575c                __ssputs_r
 .text._svfprintf_r
                0x0800581c      0x1fc /opt/st/stm32cubeide_1.19.0/plugins/com.st.stm32cube.ide.mcu.externaltools.gnu-tools-for-stm32.13.3.rel1.linux64_1.0.0.202410170706/tools/bin/../lib/gcc/arm-none-eabi/13.3.1/../../../../arm-none-eabi/lib/thumb/v6-m/nofp/libc_nano.a(libc_a-nano-svfprintf.o)
                0x0800581c                _svfprintf_r
                0x0800581c                _svfiprintf_r
 .text._printf_common
                0x08005a18       0xde /opt/st/stm32cubeide_1.19.0/plugins/com.st.stm32cube.ide.mcu.externaltools.gnu-tools-for-stm32.13.3.rel1.linux64_1.0.0.202410170706/tools/bin/../lib/gcc/arm-none-eabi/13.3.1/../../../../arm-none-eabi/lib/thumb/v6-m/nofp/libc_nano.a(libc_a-nano-vfprintf_i.o)
                0x08005a18                _printf_common
 *fill*         0x08005af6        0x2 
 .text._printf_i
                0x08005af8      0x218 /opt/st/stm32cubeide_1.19.0/plugins/com.st.stm32cube.ide.mcu.externaltools.gnu-tools-for-stm32.13.3.rel1.linux64_1.0.0.202410170706/tools/bin/../lib/gcc/arm-none-eabi/13.3.1/../../../../arm-none-eabi/lib/thumb/v6-m/nofp/libc_nano.a(libc_a-nano-vfprintf_i.o)
                0x08005af8                _printf_i
 .text.memmove  0x08005d10       0x24 /opt/st/stm32cubeide_1.19.0/plugins/com.st.stm32cube.ide.mcu.externaltools.gnu-tools-for-stm32.13.3.rel1.linux64_1.0.0.202410170706/tools/bin/../lib/gcc/arm-none-eabi/13.3.1/../../../../arm-none-eabi/lib/thumb/v6-m/nofp/libc_nano.a(libc_a-memmove.o)
                0x08005d10                memmove
 .text._sbrk_r  0x08005d34       0x24 /opt/st/stm32cubeide_1.19.0/plugins/com.st.stm32cube.ide.mcu.externaltools.gnu-tools-for-stm32.13.3.rel1.linux64_1.0.0.202410170706/tools/bin/../lib/gcc/arm-none-eabi/13.3.1/../../../../arm-none-eabi/lib/thumb/v6-m/nofp/libc_nano.a(libc_a-sbrkr.o)
                0x08005d34                _sbrk_r
 .text.memchr   0x08005d58       0x16 /opt/st/stm32cubeide_1.19.0/plugins/com.st.stm32cube.ide.mcu.externaltools.gnu-tools-for-stm32.13.3.rel1.linux64_1.0.0.202410170706/tools/bin/../lib/gcc/arm-none-eabi/13.3.1/../../../../arm-none-eabi/lib/thumb/v6-m/nofp/libc_nano.a(libc_a-memchr-stub.o)
                0x08005d58                memchr
 .text.memcpy   0x08005d6e       0x12 /opt/st/stm32cubeide_1.19.0/plugins/com.st.stm32cube.ide.mcu.externaltools.gnu-tools-for-stm32.13.3.rel1.linux64_1.0.0.202410170706/tools/bin/../lib/gcc/arm-none-eabi/13.3.1/../../../../arm-none-eabi/lib/thumb/v6-m/nofp/libc_nano.a(libc_a-memcpy-stub.o)
                0x08005d6e                memcpy
 .text._realloc_r
                0x08005d80       0x60 /opt/st/stm32cubeide_1.19.0/plugins/com.st.stm32cube.ide.mcu.externaltools.gnu-tools-for-stm32.13.3.rel1.linux64_1.0.0.202410170706/tools/bin/../lib/gcc/arm-none-eabi/13.3.1/../../../../arm-none-eabi/lib/thumb/v6-m/nofp/libc_nano.a(libc_a-reallocr.o)
                0x08005d80                _realloc_r
 .text._malloc_usable_size_r
                0x08005de0       0x10 /opt/st/stm32cubeide_1.19.0/plugins/com.st.stm32cube.ide.mcu.externaltools.gnu-tools-for-stm32.13.3.rel1.linux64_1.0.0.202410170706/tools/bin/../lib/gcc/arm-none-eabi/13.3.1/../../../../arm-none-eabi/lib/thumb/v6-m/nofp/libc_nano.a(libc_a-msizer.o)
                0x08005de0                _malloc_usable_size_r
 *(.glue_7)
 .glue_7        0x08005df0        0x0 linker stubs
 *(.glue_7t)
 .glue_7t       0x08005df0        0x0 linker stubs
 *(.eh_frame)
 .eh_frame      0x08005df0        0x0 /opt/st/stm32cubeide_1.19.0/plugins/com.st.stm32cube.ide.mcu.externaltools.gnu-tools-for-stm32.13.3.rel1.linux64_1.0.0.202410170706/tools/bin/../lib/gcc/arm-none-eabi/13.3.1/thumb/v6-m/nofp/crtbegin.o
 *(.init)
 .init          0x08005df0        0x4 /opt/st/stm32cubeide_1.19.0/plugins/com.st.stm32cube.ide.mcu.externaltools.gnu-tools-for-stm32.13.3.rel1.linux64_1.0.0.202410170706/tools/bin/../lib/gcc/arm-none-eabi/13.3.1/thumb/v6-m/nofp/crti.o
                0x08005df0                _init
 .init          0x08005df4        0x8 /opt/st/stm32cubeide_1.19.0/plugins/com.st.stm32cube.ide.mcu.externaltools.gnu-tools-for-stm32.13.3.rel1.linux64_1.0.0.202410170706/tools/bin/../lib/gcc/arm-none-eabi/13.3.1/thumb/v6-m/nofp/crtn.o
 *(.fini)
 .fini          0x08005dfc        0x4 /opt/st/stm32cubeide_1.19.0/plugins/com.st.stm32cube.ide.mcu.externaltools.gnu-tools-for-stm32.13.3.rel1.linux64_1.0.0.202410170706/tools/bin/../lib/gcc/arm-none-eabi/13.3.1/thumb/v6-m/nofp/crti.o
                0x08005dfc                _fini
 .fini          0x08005e00        0x8 /opt/st/stm32cubeide_1.19.0/plugins/com.st.stm32cube.ide.mcu.externaltools.gnu-tools-for-stm32.13.3.rel1.linux64_1.0.0.202410170706/tools/bin/../lib/gcc/arm-none-eabi/13.3.1/thumb/v6-m/nofp/crtn.o
                0x08005e08                        . = ALIGN (0x4)
                0x08005e08                        _etext = .

.vfp11_veneer   0x08005e08        0x0
 .vfp11_veneer  0x08005e08        0x0 linker stubs

.v4_bx          0x08005e08        0x0
 .v4_bx         0x08005e08        0x0 linker stubs

.iplt           0x08005e08        0x0
 .iplt          0x08005e08        0x0 /opt/st/stm32cubeide_1.19.0/plugins/com.st.stm32cube.ide.mcu.externaltools.gnu-tools-for-stm32.13.3.rel1.linux64_1.0.0.202410170706/tools/bin/../lib/gcc/arm-none-eabi/13.3.1/thumb/v6-m/nofp/crtbegin.o

.rodata         0x08005e08      0x36c
                0x08005e08                        . = ALIGN (0x4)
 *(.rodata)
 .rodata        0x08005e08       0x43 ./Core/Src/LoRaWAN/lorawan.o
 *fill*         0x08005e4b        0x1 
 .rodata        0x08005e4c      0x285 ./Core/Src/main.o
 *(.rodata*)
 *fill*         0x080060d1        0x3 
 .rodata.AHBPrescTable
                0x080060d4       0x10 ./Core/Src/system_stm32l0xx.o
                0x080060d4                AHBPrescTable
 .rodata.APBPrescTable
                0x080060e4        0x8 ./Core/Src/system_stm32l0xx.o
                0x080060e4                APBPrescTable
 .rodata.PLLMulTable
                0x080060ec        0x9 ./Core/Src/system_stm32l0xx.o
                0x080060ec                PLLMulTable
 *fill*         0x080060f5        0x3 
 .rodata.UART_SetConfig
                0x080060f8       0x48 ./Drivers/STM32L0xx_HAL_Driver/Src/stm32l0xx_hal_uart.o
 .rodata._svfprintf_r.str1.1
                0x08006140       0x33 /opt/st/stm32cubeide_1.19.0/plugins/com.st.stm32cube.ide.mcu.externaltools.gnu-tools-for-stm32.13.3.rel1.linux64_1.0.0.202410170706/tools/bin/../lib/gcc/arm-none-eabi/13.3.1/../../../../arm-none-eabi/lib/thumb/v6-m/nofp/libc_nano.a(libc_a-nano-svfprintf.o)
                                 0x11 (size before relaxing)
 .rodata._printf_i.str1.1
                0x08006173       0x22 /opt/st/stm32cubeide_1.19.0/plugins/com.st.stm32cube.ide.mcu.externaltools.gnu-tools-for-stm32.13.3.rel1.linux64_1.0.0.202410170706/tools/bin/../lib/gcc/arm-none-eabi/13.3.1/../../../../arm-none-eabi/lib/thumb/v6-m/nofp/libc_nano.a(libc_a-nano-vfprintf_i.o)
                0x08006198                        . = ALIGN (0x4)
 *fill*         0x08006173        0x1 

.ARM.extab      0x08006174        0x0
                0x08006174                        . = ALIGN (0x4)
 *(.ARM.extab* .gnu.linkonce.armextab.*)
                0x08006174                        . = ALIGN (0x4)

.ARM            0x08006174        0x8
                0x08006174                        . = ALIGN (0x4)
                0x08006174                        __exidx_start = .
 *(.ARM.exidx*)
 .ARM.exidx     0x08006174        0x8 /opt/st/stm32cubeide_1.19.0/plugins/com.st.stm32cube.ide.mcu.externaltools.gnu-tools-for-stm32.13.3.rel1.linux64_1.0.0.202410170706/tools/bin/../lib/gcc/arm-none-eabi/13.3.1/thumb/v6-m/nofp/libgcc.a(_udivmoddi4.o)
                0x0800617c                        __exidx_end = .
                0x0800617c                        . = ALIGN (0x4)

.preinit_array  0x0800617c        0x0
                0x0800617c                        . = ALIGN (0x4)
                0x0800617c                        PROVIDE (__preinit_array_start = .)
 *(.preinit_array*)
                0x0800617c                        PROVIDE (__preinit_array_end = .)
                0x0800617c                        . = ALIGN (0x4)

.init_array     0x0800617c        0x4
                0x0800617c                        . = ALIGN (0x4)
                0x0800617c                        PROVIDE (__init_array_start = .)
 *(SORT_BY_NAME(.init_array.*))
 *(.init_array*)
 .init_array    0x0800617c        0x4 /opt/st/stm32cubeide_1.19.0/plugins/com.st.stm32cube.ide.mcu.externaltools.gnu-tools-for-stm32.13.3.rel1.linux64_1.0.0.202410170706/tools/bin/../lib/gcc/arm-none-eabi/13.3.1/thumb/v6-m/nofp/crtbegin.o
                0x08006180                        PROVIDE (__init_array_end = .)
                0x08006180                        . = ALIGN (0x4)

.fini_array     0x08006180        0x4
                0x08006180                        . = ALIGN (0x4)
                [!provide]                        PROVIDE (__fini_array_start = .)
 *(SORT_BY_NAME(.fini_array.*))
 *(.fini_array*)
 .fini_array    0x08006180        0x4 /opt/st/stm32cubeide_1.19.0/plugins/com.st.stm32cube.ide.mcu.externaltools.gnu-tools-for-stm32.13.3.rel1.linux64_1.0.0.202410170706/tools/bin/../lib/gcc/arm-none-eabi/13.3.1/thumb/v6-m/nofp/crtbegin.o
                [!provide]                        PROVIDE (__fini_array_end = .)
                0x08006184                        . = ALIGN (0x4)
                0x08006184                        _sidata = LOADADDR (.data)

.rel.dyn        0x08006184        0x0
 .rel.iplt      0x08006184        0x0 /opt/st/stm32cubeide_1.19.0/plugins/com.st.stm32cube.ide.mcu.externaltools.gnu-tools-for-stm32.13.3.rel1.linux64_1.0.0.202410170706/tools/bin/../lib/gcc/arm-none-eabi/13.3.1/thumb/v6-m/nofp/crtbegin.o

.data           0x20000000       0x5c load address 0x08006184
                0x20000000                        . = ALIGN (0x4)
                0x20000000                        _sdata = .
 *(.data)
 *(.data*)
 .data.SystemCoreClock
                0x20000000        0x4 ./Core/Src/system_stm32l0xx.o
                0x20000000                SystemCoreClock
 .data.uwTickPrio
                0x20000004        0x4 ./Drivers/STM32L0xx_HAL_Driver/Src/stm32l0xx_hal.o
                0x20000004                uwTickPrio
 .data.uwTickFreq
                0x20000008        0x1 ./Drivers/STM32L0xx_HAL_Driver/Src/stm32l0xx_hal.o
                0x20000008                uwTickFreq
 *fill*         0x20000009        0x3 
 .data._impure_ptr
                0x2000000c        0x4 /opt/st/stm32cubeide_1.19.0/plugins/com.st.stm32cube.ide.mcu.externaltools.gnu-tools-for-stm32.13.3.rel1.linux64_1.0.0.202410170706/tools/bin/../lib/gcc/arm-none-eabi/13.3.1/../../../../arm-none-eabi/lib/thumb/v6-m/nofp/libc_nano.a(libc_a-impure.o)
                0x2000000c                _impure_ptr
 .data._impure_data
                0x20000010       0x4c /opt/st/stm32cubeide_1.19.0/plugins/com.st.stm32cube.ide.mcu.externaltools.gnu-tools-for-stm32.13.3.rel1.linux64_1.0.0.202410170706/tools/bin/../lib/gcc/arm-none-eabi/13.3.1/../../../../arm-none-eabi/lib/thumb/v6-m/nofp/libc_nano.a(libc_a-impure.o)
                0x20000010                _impure_data
 *(.RamFunc)
 *(.RamFunc*)
                0x2000005c                        . = ALIGN (0x4)
                0x2000005c                        _edata = .

.igot.plt       0x2000005c        0x0 load address 0x080061e0
 .igot.plt      0x2000005c        0x0 /opt/st/stm32cubeide_1.19.0/plugins/com.st.stm32cube.ide.mcu.externaltools.gnu-tools-for-stm32.13.3.rel1.linux64_1.0.0.202410170706/tools/bin/../lib/gcc/arm-none-eabi/13.3.1/thumb/v6-m/nofp/crtbegin.o
                0x2000005c                        . = ALIGN (0x4)

.bss            0x2000005c      0x30c load address 0x080061e0
                0x2000005c                        _sbss = .
                0x2000005c                        __bss_start__ = _sbss
 *(.bss)
 .bss           0x2000005c       0x1c /opt/st/stm32cubeide_1.19.0/plugins/com.st.stm32cube.ide.mcu.externaltools.gnu-tools-for-stm32.13.3.rel1.linux64_1.0.0.202410170706/tools/bin/../lib/gcc/arm-none-eabi/13.3.1/thumb/v6-m/nofp/crtbegin.o
 *(.bss*)
 .bss.hi2c1     0x20000078       0x54 ./Core/Src/main.o
                0x20000078                hi2c1
 .bss.hlpuart1  0x200000cc       0x88 ./Core/Src/main.o
                0x200000cc                hlpuart1
 .bss.huart1    0x20000154       0x88 ./Core/Src/main.o
                0x20000154                huart1
 .bss.hrtc      0x200001dc       0x24 ./Core/Src/main.o
                0x200001dc                hrtc
 .bss.lora      0x20000200        0x4 ./Core/Src/main.o
                0x20000200                lora
 .bss.__sbrk_heap_end
                0x20000204        0x4 ./Core/Src/sysmem.o
 .bss.has_sensor_1
                0x20000208        0x1 ./Core/Src/sensirion/sensirion.o
                0x20000208                has_sensor_1
 .bss.has_sensor_2
                0x20000209        0x1 ./Core/Src/sensirion/sensirion.o
                0x20000209                has_sensor_2
 .bss.temp_ticks_1
                0x2000020a        0x2 ./Core/Src/sensirion/sensirion.o
                0x2000020a                temp_ticks_1
 .bss.hum_ticks_1
                0x2000020c        0x2 ./Core/Src/sensirion/sensirion.o
                0x2000020c                hum_ticks_1
 .bss.temp_ticks_2
                0x2000020e        0x2 ./Core/Src/sensirion/sensirion.o
                0x2000020e                temp_ticks_2
 .bss.hum_ticks_2
                0x20000210        0x2 ./Core/Src/sensirion/sensirion.o
                0x20000210                hum_ticks_2
 .bss.error     0x20000212        0x2 ./Core/Src/sensirion/sensirion.o
                0x20000212                error
 .bss.communication_buffer
                0x20000214        0x6 ./Core/Src/sensirion/sht4x_i2c.o
 .bss._i2c_address
                0x2000021a        0x1 ./Core/Src/sensirion/sht4x_i2c.o
 *fill*         0x2000021b        0x1 
 .bss.uwTick    0x2000021c        0x4 ./Drivers/STM32L0xx_HAL_Driver/Src/stm32l0xx_hal.o
                0x2000021c                uwTick
 .bss.__sf      0x20000220      0x138 /opt/st/stm32cubeide_1.19.0/plugins/com.st.stm32cube.ide.mcu.externaltools.gnu-tools-for-stm32.13.3.rel1.linux64_1.0.0.202410170706/tools/bin/../lib/gcc/arm-none-eabi/13.3.1/../../../../arm-none-eabi/lib/thumb/v6-m/nofp/libc_nano.a(libc_a-findfp.o)
                0x20000220                __sf
 .bss.errno     0x20000358        0x4 /opt/st/stm32cubeide_1.19.0/plugins/com.st.stm32cube.ide.mcu.externaltools.gnu-tools-for-stm32.13.3.rel1.linux64_1.0.0.202410170706/tools/bin/../lib/gcc/arm-none-eabi/13.3.1/../../../../arm-none-eabi/lib/thumb/v6-m/nofp/libc_nano.a(libc_a-reent.o)
                0x20000358                errno
 .bss.__lock___malloc_recursive_mutex
                0x2000035c        0x1 /opt/st/stm32cubeide_1.19.0/plugins/com.st.stm32cube.ide.mcu.externaltools.gnu-tools-for-stm32.13.3.rel1.linux64_1.0.0.202410170706/tools/bin/../lib/gcc/arm-none-eabi/13.3.1/../../../../arm-none-eabi/lib/thumb/v6-m/nofp/libc_nano.a(libc_a-lock.o)
                0x2000035c                __lock___malloc_recursive_mutex
 *fill*         0x2000035d        0x3 
 .bss.__malloc_sbrk_start
                0x20000360        0x4 /opt/st/stm32cubeide_1.19.0/plugins/com.st.stm32cube.ide.mcu.externaltools.gnu-tools-for-stm32.13.3.rel1.linux64_1.0.0.202410170706/tools/bin/../lib/gcc/arm-none-eabi/13.3.1/../../../../arm-none-eabi/lib/thumb/v6-m/nofp/libc_nano.a(libc_a-mallocr.o)
                0x20000360                __malloc_sbrk_start
 .bss.__malloc_free_list
                0x20000364        0x4 /opt/st/stm32cubeide_1.19.0/plugins/com.st.stm32cube.ide.mcu.externaltools.gnu-tools-for-stm32.13.3.rel1.linux64_1.0.0.202410170706/tools/bin/../lib/gcc/arm-none-eabi/13.3.1/../../../../arm-none-eabi/lib/thumb/v6-m/nofp/libc_nano.a(libc_a-mallocr.o)
                0x20000364                __malloc_free_list
 *(COMMON)
                0x20000368                        . = ALIGN (0x4)
                0x20000368                        _ebss = .
                0x20000368                        __bss_end__ = _ebss

._user_heap_stack
                0x20000368      0x600 load address 0x080061e0
                0x20000368                        . = ALIGN (0x8)
                [!provide]                        PROVIDE (end = .)
                0x20000368                        PROVIDE (_end = .)
                0x20000568                        . = (. + _Min_Heap_Size)
 *fill*         0x20000368      0x200 
                0x20000968                        . = (. + _Min_Stack_Size)
 *fill*         0x20000568      0x400 
                0x20000968                        . = ALIGN (0x8)

/DISCARD/
 libc.a(*)
 libm.a(*)
 libgcc.a(*)

.ARM.attributes
                0x00000000       0x28
 *(.ARM.attributes)
 .ARM.attributes
                0x00000000       0x1e /opt/st/stm32cubeide_1.19.0/plugins/com.st.stm32cube.ide.mcu.externaltools.gnu-tools-for-stm32.13.3.rel1.linux64_1.0.0.202410170706/tools/bin/../lib/gcc/arm-none-eabi/13.3.1/thumb/v6-m/nofp/crti.o
 .ARM.attributes
                0x0000001e       0x2c /opt/st/stm32cubeide_1.19.0/plugins/com.st.stm32cube.ide.mcu.externaltools.gnu-tools-for-stm32.13.3.rel1.linux64_1.0.0.202410170706/tools/bin/../lib/gcc/arm-none-eabi/13.3.1/thumb/v6-m/nofp/crtbegin.o
 .ARM.attributes
                0x0000004a       0x2c ./Core/Src/LoRaWAN/lorawan.o
 .ARM.attributes
                0x00000076       0x2c ./Core/Src/main.o
 .ARM.attributes
                0x000000a2       0x2c ./Core/Src/stm32l0xx_hal_msp.o
 .ARM.attributes
                0x000000ce       0x2c ./Core/Src/stm32l0xx_it.o
 .ARM.attributes
                0x000000fa       0x2c ./Core/Src/sysmem.o
 .ARM.attributes
                0x00000126       0x2c ./Core/Src/system_stm32l0xx.o
 .ARM.attributes
                0x00000152       0x2c ./Core/Src/sensirion/sensirion.o
 .ARM.attributes
                0x0000017e       0x2c ./Core/Src/sensirion/sensirion_common.o
 .ARM.attributes
                0x000001aa       0x2c ./Core/Src/sensirion/sensirion_i2c.o
 .ARM.attributes
                0x000001d6       0x2c ./Core/Src/sensirion/sensirion_i2c_hal.o
 .ARM.attributes
                0x00000202       0x2c ./Core/Src/sensirion/sht4x_i2c.o
 .ARM.attributes
                0x0000022e       0x22 ./Core/Startup/startup_stm32l073rztx.o
 .ARM.attributes
                0x00000250       0x2c ./Drivers/STM32L0xx_HAL_Driver/Src/stm32l0xx_hal.o
 .ARM.attributes
                0x0000027c       0x2c ./Drivers/STM32L0xx_HAL_Driver/Src/stm32l0xx_hal_cortex.o
 .ARM.attributes
                0x000002a8       0x2c ./Drivers/STM32L0xx_HAL_Driver/Src/stm32l0xx_hal_gpio.o
 .ARM.attributes
                0x000002d4       0x2c ./Drivers/STM32L0xx_HAL_Driver/Src/stm32l0xx_hal_i2c.o
 .ARM.attributes
                0x00000300       0x2c ./Drivers/STM32L0xx_HAL_Driver/Src/stm32l0xx_hal_i2c_ex.o
 .ARM.attributes
                0x0000032c       0x2c ./Drivers/STM32L0xx_HAL_Driver/Src/stm32l0xx_hal_pwr.o
 .ARM.attributes
                0x00000358       0x2c ./Drivers/STM32L0xx_HAL_Driver/Src/stm32l0xx_hal_rcc.o
 .ARM.attributes
                0x00000384       0x2c ./Drivers/STM32L0xx_HAL_Driver/Src/stm32l0xx_hal_rcc_ex.o
 .ARM.attributes
                0x000003b0       0x2c ./Drivers/STM32L0xx_HAL_Driver/Src/stm32l0xx_hal_rtc.o
 .ARM.attributes
                0x000003dc       0x2c ./Drivers/STM32L0xx_HAL_Driver/Src/stm32l0xx_hal_rtc_ex.o
 .ARM.attributes
                0x00000408       0x2c ./Drivers/STM32L0xx_HAL_Driver/Src/stm32l0xx_hal_uart.o
 .ARM.attributes
                0x00000434       0x2c ./Drivers/STM32L0xx_HAL_Driver/Src/stm32l0xx_hal_uart_ex.o
 .ARM.attributes
                0x00000460       0x2c /opt/st/stm32cubeide_1.19.0/plugins/com.st.stm32cube.ide.mcu.externaltools.gnu-tools-for-stm32.13.3.rel1.linux64_1.0.0.202410170706/tools/bin/../lib/gcc/arm-none-eabi/13.3.1/../../../../arm-none-eabi/lib/thumb/v6-m/nofp/libc_nano.a(libc_a-findfp.o)
 .ARM.attributes
                0x0000048c       0x2c /opt/st/stm32cubeide_1.19.0/plugins/com.st.stm32cube.ide.mcu.externaltools.gnu-tools-for-stm32.13.3.rel1.linux64_1.0.0.202410170706/tools/bin/../lib/gcc/arm-none-eabi/13.3.1/../../../../arm-none-eabi/lib/thumb/v6-m/nofp/libc_nano.a(libc_a-snprintf.o)
 .ARM.attributes
                0x000004b8       0x2c /opt/st/stm32cubeide_1.19.0/plugins/com.st.stm32cube.ide.mcu.externaltools.gnu-tools-for-stm32.13.3.rel1.linux64_1.0.0.202410170706/tools/bin/../lib/gcc/arm-none-eabi/13.3.1/../../../../arm-none-eabi/lib/thumb/v6-m/nofp/libc_nano.a(libc_a-sprintf.o)
 .ARM.attributes
                0x000004e4       0x2c /opt/st/stm32cubeide_1.19.0/plugins/com.st.stm32cube.ide.mcu.externaltools.gnu-tools-for-stm32.13.3.rel1.linux64_1.0.0.202410170706/tools/bin/../lib/gcc/arm-none-eabi/13.3.1/../../../../arm-none-eabi/lib/thumb/v6-m/nofp/libc_nano.a(libc_a-vsnprintf.o)
 .ARM.attributes
                0x00000510       0x2c /opt/st/stm32cubeide_1.19.0/plugins/com.st.stm32cube.ide.mcu.externaltools.gnu-tools-for-stm32.13.3.rel1.linux64_1.0.0.202410170706/tools/bin/../lib/gcc/arm-none-eabi/13.3.1/../../../../arm-none-eabi/lib/thumb/v6-m/nofp/libc_nano.a(libc_a-memset.o)
 .ARM.attributes
                0x0000053c       0x2c /opt/st/stm32cubeide_1.19.0/plugins/com.st.stm32cube.ide.mcu.externaltools.gnu-tools-for-stm32.13.3.rel1.linux64_1.0.0.202410170706/tools/bin/../lib/gcc/arm-none-eabi/13.3.1/../../../../arm-none-eabi/lib/thumb/v6-m/nofp/libc_nano.a(libc_a-strstr.o)
 .ARM.attributes
                0x00000568       0x2c /opt/st/stm32cubeide_1.19.0/plugins/com.st.stm32cube.ide.mcu.externaltools.gnu-tools-for-stm32.13.3.rel1.linux64_1.0.0.202410170706/tools/bin/../lib/gcc/arm-none-eabi/13.3.1/../../../../arm-none-eabi/lib/thumb/v6-m/nofp/libc_nano.a(libc_a-reent.o)
 .ARM.attributes
                0x00000594       0x2c /opt/st/stm32cubeide_1.19.0/plugins/com.st.stm32cube.ide.mcu.externaltools.gnu-tools-for-stm32.13.3.rel1.linux64_1.0.0.202410170706/tools/bin/../lib/gcc/arm-none-eabi/13.3.1/../../../../arm-none-eabi/lib/thumb/v6-m/nofp/libc_nano.a(libc_a-impure.o)
 .ARM.attributes
                0x000005c0       0x2c /opt/st/stm32cubeide_1.19.0/plugins/com.st.stm32cube.ide.mcu.externaltools.gnu-tools-for-stm32.13.3.rel1.linux64_1.0.0.202410170706/tools/bin/../lib/gcc/arm-none-eabi/13.3.1/../../../../arm-none-eabi/lib/thumb/v6-m/nofp/libc_nano.a(libc_a-errno.o)
 .ARM.attributes
                0x000005ec       0x2c /opt/st/stm32cubeide_1.19.0/plugins/com.st.stm32cube.ide.mcu.externaltools.gnu-tools-for-stm32.13.3.rel1.linux64_1.0.0.202410170706/tools/bin/../lib/gcc/arm-none-eabi/13.3.1/../../../../arm-none-eabi/lib/thumb/v6-m/nofp/libc_nano.a(libc_a-init.o)
 .ARM.attributes
                0x00000618       0x2c /opt/st/stm32cubeide_1.19.0/plugins/com.st.stm32cube.ide.mcu.externaltools.gnu-tools-for-stm32.13.3.rel1.linux64_1.0.0.202410170706/tools/bin/../lib/gcc/arm-none-eabi/13.3.1/../../../../arm-none-eabi/lib/thumb/v6-m/nofp/libc_nano.a(libc_a-lock.o)
 .ARM.attributes
                0x00000644       0x1c /opt/st/stm32cubeide_1.19.0/plugins/com.st.stm32cube.ide.mcu.externaltools.gnu-tools-for-stm32.13.3.rel1.linux64_1.0.0.202410170706/tools/bin/../lib/gcc/arm-none-eabi/13.3.1/../../../../arm-none-eabi/lib/thumb/v6-m/nofp/libc_nano.a(libc_a-strlen.o)
 .ARM.attributes
                0x00000660       0x2c /opt/st/stm32cubeide_1.19.0/plugins/com.st.stm32cube.ide.mcu.externaltools.gnu-tools-for-stm32.13.3.rel1.linux64_1.0.0.202410170706/tools/bin/../lib/gcc/arm-none-eabi/13.3.1/../../../../arm-none-eabi/lib/thumb/v6-m/nofp/libc_nano.a(libc_a-freer.o)
 .ARM.attributes
                0x0000068c       0x2c /opt/st/stm32cubeide_1.19.0/plugins/com.st.stm32cube.ide.mcu.externaltools.gnu-tools-for-stm32.13.3.rel1.linux64_1.0.0.202410170706/tools/bin/../lib/gcc/arm-none-eabi/13.3.1/../../../../arm-none-eabi/lib/thumb/v6-m/nofp/libc_nano.a(libc_a-mallocr.o)
 .ARM.attributes
                0x000006b8       0x2c /opt/st/stm32cubeide_1.19.0/plugins/com.st.stm32cube.ide.mcu.externaltools.gnu-tools-for-stm32.13.3.rel1.linux64_1.0.0.202410170706/tools/bin/../lib/gcc/arm-none-eabi/13.3.1/../../../../arm-none-eabi/lib/thumb/v6-m/nofp/libc_nano.a(libc_a-mlock.o)
 .ARM.attributes
                0x000006e4       0x2c /opt/st/stm32cubeide_1.19.0/plugins/com.st.stm32cube.ide.mcu.externaltools.gnu-tools-for-stm32.13.3.rel1.linux64_1.0.0.202410170706/tools/bin/../lib/gcc/arm-none-eabi/13.3.1/../../../../arm-none-eabi/lib/thumb/v6-m/nofp/libc_nano.a(libc_a-nano-svfprintf.o)
 .ARM.attributes
                0x00000710       0x2c /opt/st/stm32cubeide_1.19.0/plugins/com.st.stm32cube.ide.mcu.externaltools.gnu-tools-for-stm32.13.3.rel1.linux64_1.0.0.202410170706/tools/bin/../lib/gcc/arm-none-eabi/13.3.1/../../../../arm-none-eabi/lib/thumb/v6-m/nofp/libc_nano.a(libc_a-nano-vfprintf_i.o)
 .ARM.attributes
                0x0000073c       0x2c /opt/st/stm32cubeide_1.19.0/plugins/com.st.stm32cube.ide.mcu.externaltools.gnu-tools-for-stm32.13.3.rel1.linux64_1.0.0.202410170706/tools/bin/../lib/gcc/arm-none-eabi/13.3.1/../../../../arm-none-eabi/lib/thumb/v6-m/nofp/libc_nano.a(libc_a-memmove.o)
 .ARM.attributes
                0x00000768       0x2c /opt/st/stm32cubeide_1.19.0/plugins/com.st.stm32cube.ide.mcu.externaltools.gnu-tools-for-stm32.13.3.rel1.linux64_1.0.0.202410170706/tools/bin/../lib/gcc/arm-none-eabi/13.3.1/../../../../arm-none-eabi/lib/thumb/v6-m/nofp/libc_nano.a(libc_a-sbrkr.o)
 .ARM.attributes
                0x00000794       0x2c /opt/st/stm32cubeide_1.19.0/plugins/com.st.stm32cube.ide.mcu.externaltools.gnu-tools-for-stm32.13.3.rel1.linux64_1.0.0.202410170706/tools/bin/../lib/gcc/arm-none-eabi/13.3.1/../../../../arm-none-eabi/lib/thumb/v6-m/nofp/libc_nano.a(libc_a-memchr-stub.o)
 .ARM.attributes
                0x000007c0       0x2c /opt/st/stm32cubeide_1.19.0/plugins/com.st.stm32cube.ide.mcu.externaltools.gnu-tools-for-stm32.13.3.rel1.linux64_1.0.0.202410170706/tools/bin/../lib/gcc/arm-none-eabi/13.3.1/../../../../arm-none-eabi/lib/thumb/v6-m/nofp/libc_nano.a(libc_a-memcpy-stub.o)
 .ARM.attributes
                0x000007ec       0x2c /opt/st/stm32cubeide_1.19.0/plugins/com.st.stm32cube.ide.mcu.externaltools.gnu-tools-for-stm32.13.3.rel1.linux64_1.0.0.202410170706/tools/bin/../lib/gcc/arm-none-eabi/13.3.1/../../../../arm-none-eabi/lib/thumb/v6-m/nofp/libc_nano.a(libc_a-reallocr.o)
 .ARM.attributes
                0x00000818       0x2c /opt/st/stm32cubeide_1.19.0/plugins/com.st.stm32cube.ide.mcu.externaltools.gnu-tools-for-stm32.13.3.rel1.linux64_1.0.0.202410170706/tools/bin/../lib/gcc/arm-none-eabi/13.3.1/../../../../arm-none-eabi/lib/thumb/v6-m/nofp/libc_nano.a(libc_a-msizer.o)
 .ARM.attributes
                0x00000844       0x1e /opt/st/stm32cubeide_1.19.0/plugins/com.st.stm32cube.ide.mcu.externaltools.gnu-tools-for-stm32.13.3.rel1.linux64_1.0.0.202410170706/tools/bin/../lib/gcc/arm-none-eabi/13.3.1/thumb/v6-m/nofp/libgcc.a(_thumb1_case_shi.o)
 .ARM.attributes
                0x00000862       0x1e /opt/st/stm32cubeide_1.19.0/plugins/com.st.stm32cube.ide.mcu.externaltools.gnu-tools-for-stm32.13.3.rel1.linux64_1.0.0.202410170706/tools/bin/../lib/gcc/arm-none-eabi/13.3.1/thumb/v6-m/nofp/libgcc.a(_udivsi3.o)
 .ARM.attributes
                0x00000880       0x1e /opt/st/stm32cubeide_1.19.0/plugins/com.st.stm32cube.ide.mcu.externaltools.gnu-tools-for-stm32.13.3.rel1.linux64_1.0.0.202410170706/tools/bin/../lib/gcc/arm-none-eabi/13.3.1/thumb/v6-m/nofp/libgcc.a(_dvmd_tls.o)
 .ARM.attributes
                0x0000089e       0x1e /opt/st/stm32cubeide_1.19.0/plugins/com.st.stm32cube.ide.mcu.externaltools.gnu-tools-for-stm32.13.3.rel1.linux64_1.0.0.202410170706/tools/bin/../lib/gcc/arm-none-eabi/13.3.1/thumb/v6-m/nofp/libgcc.a(_aeabi_uldivmod.o)
 .ARM.attributes
                0x000008bc       0x2c /opt/st/stm32cubeide_1.19.0/plugins/com.st.stm32cube.ide.mcu.externaltools.gnu-tools-for-stm32.13.3.rel1.linux64_1.0.0.202410170706/tools/bin/../lib/gcc/arm-none-eabi/13.3.1/thumb/v6-m/nofp/libgcc.a(_udivmoddi4.o)
 .ARM.attributes
                0x000008e8       0x1e /opt/st/stm32cubeide_1.19.0/plugins/com.st.stm32cube.ide.mcu.externaltools.gnu-tools-for-stm32.13.3.rel1.linux64_1.0.0.202410170706/tools/bin/../lib/gcc/arm-none-eabi/13.3.1/thumb/v6-m/nofp/libgcc.a(_clzdi2.o)
 .ARM.attributes
                0x00000906       0x1e /opt/st/stm32cubeide_1.19.0/plugins/com.st.stm32cube.ide.mcu.externaltools.gnu-tools-for-stm32.13.3.rel1.linux64_1.0.0.202410170706/tools/bin/../lib/gcc/arm-none-eabi/13.3.1/thumb/v6-m/nofp/libgcc.a(_clzsi2.o)
 .ARM.attributes
                0x00000924       0x1e /opt/st/stm32cubeide_1.19.0/plugins/com.st.stm32cube.ide.mcu.externaltools.gnu-tools-for-stm32.13.3.rel1.linux64_1.0.0.202410170706/tools/bin/../lib/gcc/arm-none-eabi/13.3.1/thumb/v6-m/nofp/crtn.o
OUTPUT(CWH.elf elf32-littlearm)
LOAD linker stubs
LOAD /opt/st/stm32cubeide_1.19.0/plugins/com.st.stm32cube.ide.mcu.externaltools.gnu-tools-for-stm32.13.3.rel1.linux64_1.0.0.202410170706/tools/bin/../lib/gcc/arm-none-eabi/13.3.1/../../../../arm-none-eabi/lib/thumb/v6-m/nofp/libc.a
LOAD /opt/st/stm32cubeide_1.19.0/plugins/com.st.stm32cube.ide.mcu.externaltools.gnu-tools-for-stm32.13.3.rel1.linux64_1.0.0.202410170706/tools/bin/../lib/gcc/arm-none-eabi/13.3.1/../../../../arm-none-eabi/lib/thumb/v6-m/nofp/libm.a
LOAD /opt/st/stm32cubeide_1.19.0/plugins/com.st.stm32cube.ide.mcu.externaltools.gnu-tools-for-stm32.13.3.rel1.linux64_1.0.0.202410170706/tools/bin/../lib/gcc/arm-none-eabi/13.3.1/thumb/v6-m/nofp/libgcc.a

.debug_info     0x00000000    0x114b7
 .debug_info    0x00000000      0xa1e ./Core/Src/LoRaWAN/lorawan.o
 .debug_info    0x00000a1e     0x18f1 ./Core/Src/main.o
 .debug_info    0x0000230f      0xf44 ./Core/Src/stm32l0xx_hal_msp.o
 .debug_info    0x00003253       0xd3 ./Core/Src/stm32l0xx_it.o
 .debug_info    0x00003326      0x168 ./Core/Src/sysmem.o
 .debug_info    0x0000348e      0x2d0 ./Core/Src/system_stm32l0xx.o
 .debug_info    0x0000375e      0x7e4 ./Core/Src/sensirion/sensirion.o
 .debug_info    0x00003f42      0x384 ./Core/Src/sensirion/sensirion_common.o
 .debug_info    0x000042c6      0x906 ./Core/Src/sensirion/sensirion_i2c.o
 .debug_info    0x00004bcc      0x791 ./Core/Src/sensirion/sensirion_i2c_hal.o
 .debug_info    0x0000535d      0x5e6 ./Core/Src/sensirion/sht4x_i2c.o
 .debug_info    0x00005943       0x30 ./Core/Startup/startup_stm32l073rztx.o
 .debug_info    0x00005973      0x8ac ./Drivers/STM32L0xx_HAL_Driver/Src/stm32l0xx_hal.o
 .debug_info    0x0000621f      0x8a2 ./Drivers/STM32L0xx_HAL_Driver/Src/stm32l0xx_hal_cortex.o
 .debug_info    0x00006ac1      0x617 ./Drivers/STM32L0xx_HAL_Driver/Src/stm32l0xx_hal_gpio.o
 .debug_info    0x000070d8     0x20da ./Drivers/STM32L0xx_HAL_Driver/Src/stm32l0xx_hal_i2c.o
 .debug_info    0x000091b2      0x878 ./Drivers/STM32L0xx_HAL_Driver/Src/stm32l0xx_hal_i2c_ex.o
 .debug_info    0x00009a2a      0x60d ./Drivers/STM32L0xx_HAL_Driver/Src/stm32l0xx_hal_pwr.o
 .debug_info    0x0000a037      0xa2a ./Drivers/STM32L0xx_HAL_Driver/Src/stm32l0xx_hal_rcc.o
 .debug_info    0x0000aa61      0x7ed ./Drivers/STM32L0xx_HAL_Driver/Src/stm32l0xx_hal_rcc_ex.o
 .debug_info    0x0000b24e      0xb55 ./Drivers/STM32L0xx_HAL_Driver/Src/stm32l0xx_hal_rtc.o
 .debug_info    0x0000bda3      0xe04 ./Drivers/STM32L0xx_HAL_Driver/Src/stm32l0xx_hal_rtc_ex.o
 .debug_info    0x0000cba7     0x3b66 ./Drivers/STM32L0xx_HAL_Driver/Src/stm32l0xx_hal_uart.o
 .debug_info    0x0001070d      0xdaa ./Drivers/STM32L0xx_HAL_Driver/Src/stm32l0xx_hal_uart_ex.o

.debug_abbrev   0x00000000     0x2cda
 .debug_abbrev  0x00000000      0x1f4 ./Core/Src/LoRaWAN/lorawan.o
 .debug_abbrev  0x000001f4      0x363 ./Core/Src/main.o
 .debug_abbrev  0x00000557      0x1e3 ./Core/Src/stm32l0xx_hal_msp.o
 .debug_abbrev  0x0000073a       0x73 ./Core/Src/stm32l0xx_it.o
 .debug_abbrev  0x000007ad       0xbc ./Core/Src/sysmem.o
 .debug_abbrev  0x00000869      0x11c ./Core/Src/system_stm32l0xx.o
 .debug_abbrev  0x00000985      0x1f6 ./Core/Src/sensirion/sensirion.o
 .debug_abbrev  0x00000b7b      0x120 ./Core/Src/sensirion/sensirion_common.o
 .debug_abbrev  0x00000c9b      0x1b0 ./Core/Src/sensirion/sensirion_i2c.o
 .debug_abbrev  0x00000e4b      0x20e ./Core/Src/sensirion/sensirion_i2c_hal.o
 .debug_abbrev  0x00001059      0x161 ./Core/Src/sensirion/sht4x_i2c.o
 .debug_abbrev  0x000011ba       0x24 ./Core/Startup/startup_stm32l073rztx.o
 .debug_abbrev  0x000011de      0x2a0 ./Drivers/STM32L0xx_HAL_Driver/Src/stm32l0xx_hal.o
 .debug_abbrev  0x0000147e      0x29b ./Drivers/STM32L0xx_HAL_Driver/Src/stm32l0xx_hal_cortex.o
 .debug_abbrev  0x00001719      0x1cb ./Drivers/STM32L0xx_HAL_Driver/Src/stm32l0xx_hal_gpio.o
 .debug_abbrev  0x000018e4      0x270 ./Drivers/STM32L0xx_HAL_Driver/Src/stm32l0xx_hal_i2c.o
 .debug_abbrev  0x00001b54      0x1b9 ./Drivers/STM32L0xx_HAL_Driver/Src/stm32l0xx_hal_i2c_ex.o
 .debug_abbrev  0x00001d0d      0x179 ./Drivers/STM32L0xx_HAL_Driver/Src/stm32l0xx_hal_pwr.o
 .debug_abbrev  0x00001e86      0x296 ./Drivers/STM32L0xx_HAL_Driver/Src/stm32l0xx_hal_rcc.o
 .debug_abbrev  0x0000211c      0x21a ./Drivers/STM32L0xx_HAL_Driver/Src/stm32l0xx_hal_rcc_ex.o
 .debug_abbrev  0x00002336      0x1dd ./Drivers/STM32L0xx_HAL_Driver/Src/stm32l0xx_hal_rtc.o
 .debug_abbrev  0x00002513      0x22d ./Drivers/STM32L0xx_HAL_Driver/Src/stm32l0xx_hal_rtc_ex.o
 .debug_abbrev  0x00002740      0x2e0 ./Drivers/STM32L0xx_HAL_Driver/Src/stm32l0xx_hal_uart.o
 .debug_abbrev  0x00002a20      0x2ba ./Drivers/STM32L0xx_HAL_Driver/Src/stm32l0xx_hal_uart_ex.o

.debug_aranges  0x00000000      0xf90
 .debug_aranges
                0x00000000       0x38 ./Core/Src/LoRaWAN/lorawan.o
 .debug_aranges
                0x00000038       0x80 ./Core/Src/main.o
 .debug_aranges
                0x000000b8       0x50 ./Core/Src/stm32l0xx_hal_msp.o
 .debug_aranges
                0x00000108       0x40 ./Core/Src/stm32l0xx_it.o
 .debug_aranges
                0x00000148       0x20 ./Core/Src/sysmem.o
 .debug_aranges
                0x00000168       0x28 ./Core/Src/system_stm32l0xx.o
 .debug_aranges
                0x00000190       0x28 ./Core/Src/sensirion/sensirion.o
 .debug_aranges
                0x000001b8       0x70 ./Core/Src/sensirion/sensirion_common.o
 .debug_aranges
                0x00000228       0xc0 ./Core/Src/sensirion/sensirion_i2c.o
 .debug_aranges
                0x000002e8       0x40 ./Core/Src/sensirion/sensirion_i2c_hal.o
 .debug_aranges
                0x00000328       0x78 ./Core/Src/sensirion/sht4x_i2c.o
 .debug_aranges
                0x000003a0       0x28 ./Core/Startup/startup_stm32l073rztx.o
 .debug_aranges
                0x000003c8      0x110 ./Drivers/STM32L0xx_HAL_Driver/Src/stm32l0xx_hal.o
 .debug_aranges
                0x000004d8       0xe8 ./Drivers/STM32L0xx_HAL_Driver/Src/stm32l0xx_hal_cortex.o
 .debug_aranges
                0x000005c0       0x58 ./Drivers/STM32L0xx_HAL_Driver/Src/stm32l0xx_hal_gpio.o
 .debug_aranges
                0x00000618      0x2a0 ./Drivers/STM32L0xx_HAL_Driver/Src/stm32l0xx_hal_i2c.o
 .debug_aranges
                0x000008b8       0x48 ./Drivers/STM32L0xx_HAL_Driver/Src/stm32l0xx_hal_i2c_ex.o
 .debug_aranges
                0x00000900       0xa0 ./Drivers/STM32L0xx_HAL_Driver/Src/stm32l0xx_hal_pwr.o
 .debug_aranges
                0x000009a0       0x80 ./Drivers/STM32L0xx_HAL_Driver/Src/stm32l0xx_hal_rcc.o
 .debug_aranges
                0x00000a20       0xb0 ./Drivers/STM32L0xx_HAL_Driver/Src/stm32l0xx_hal_rcc_ex.o
 .debug_aranges
                0x00000ad0       0xe8 ./Drivers/STM32L0xx_HAL_Driver/Src/stm32l0xx_hal_rtc.o
 .debug_aranges
                0x00000bb8      0x130 ./Drivers/STM32L0xx_HAL_Driver/Src/stm32l0xx_hal_rtc_ex.o
 .debug_aranges
                0x00000ce8      0x228 ./Drivers/STM32L0xx_HAL_Driver/Src/stm32l0xx_hal_uart.o
 .debug_aranges
                0x00000f10       0x80 ./Drivers/STM32L0xx_HAL_Driver/Src/stm32l0xx_hal_uart_ex.o

.debug_rnglists
                0x00000000      0xc04
 .debug_rnglists
                0x00000000       0x29 ./Core/Src/LoRaWAN/lorawan.o
 .debug_rnglists
                0x00000029       0x60 ./Core/Src/main.o
 .debug_rnglists
                0x00000089       0x39 ./Core/Src/stm32l0xx_hal_msp.o
 .debug_rnglists
                0x000000c2       0x2b ./Core/Src/stm32l0xx_it.o
 .debug_rnglists
                0x000000ed       0x13 ./Core/Src/sysmem.o
 .debug_rnglists
                0x00000100       0x1a ./Core/Src/system_stm32l0xx.o
 .debug_rnglists
                0x0000011a       0x1a ./Core/Src/sensirion/sensirion.o
 .debug_rnglists
                0x00000134       0x4f ./Core/Src/sensirion/sensirion_common.o
 .debug_rnglists
                0x00000183       0x94 ./Core/Src/sensirion/sensirion_i2c.o
 .debug_rnglists
                0x00000217       0x2b ./Core/Src/sensirion/sensirion_i2c_hal.o
 .debug_rnglists
                0x00000242       0x5f ./Core/Src/sensirion/sht4x_i2c.o
 .debug_rnglists
                0x000002a1       0x19 ./Core/Startup/startup_stm32l073rztx.o
 .debug_rnglists
                0x000002ba       0xc7 ./Drivers/STM32L0xx_HAL_Driver/Src/stm32l0xx_hal.o
 .debug_rnglists
                0x00000381       0xaa ./Drivers/STM32L0xx_HAL_Driver/Src/stm32l0xx_hal_cortex.o
 .debug_rnglists
                0x0000042b       0x3f ./Drivers/STM32L0xx_HAL_Driver/Src/stm32l0xx_hal_gpio.o
 .debug_rnglists
                0x0000046a      0x229 ./Drivers/STM32L0xx_HAL_Driver/Src/stm32l0xx_hal_i2c.o
 .debug_rnglists
                0x00000693       0x35 ./Drivers/STM32L0xx_HAL_Driver/Src/stm32l0xx_hal_i2c_ex.o
 .debug_rnglists
                0x000006c8       0x76 ./Drivers/STM32L0xx_HAL_Driver/Src/stm32l0xx_hal_pwr.o
 .debug_rnglists
                0x0000073e       0x61 ./Drivers/STM32L0xx_HAL_Driver/Src/stm32l0xx_hal_rcc.o
 .debug_rnglists
                0x0000079f       0x85 ./Drivers/STM32L0xx_HAL_Driver/Src/stm32l0xx_hal_rcc_ex.o
 .debug_rnglists
                0x00000824       0xb5 ./Drivers/STM32L0xx_HAL_Driver/Src/stm32l0xx_hal_rtc.o
 .debug_rnglists
                0x000008d9       0xf0 ./Drivers/STM32L0xx_HAL_Driver/Src/stm32l0xx_hal_rtc_ex.o
 .debug_rnglists
                0x000009c9      0x1db ./Drivers/STM32L0xx_HAL_Driver/Src/stm32l0xx_hal_uart.o
 .debug_rnglists
                0x00000ba4       0x60 ./Drivers/STM32L0xx_HAL_Driver/Src/stm32l0xx_hal_uart_ex.o

.debug_macro    0x00000000    0x16d53
 .debug_macro   0x00000000      0x2ed ./Core/Src/LoRaWAN/lorawan.o
 .debug_macro   0x000002ed      0xaae ./Core/Src/LoRaWAN/lorawan.o
 .debug_macro   0x00000d9b      0x125 ./Core/Src/LoRaWAN/lorawan.o
 .debug_macro   0x00000ec0       0x2e ./Core/Src/LoRaWAN/lorawan.o
 .debug_macro   0x00000eee       0x28 ./Core/Src/LoRaWAN/lorawan.o
 .debug_macro   0x00000f16       0x22 ./Core/Src/LoRaWAN/lorawan.o
 .debug_macro   0x00000f38       0x8e ./Core/Src/LoRaWAN/lorawan.o
 .debug_macro   0x00000fc6       0x51 ./Core/Src/LoRaWAN/lorawan.o
 .debug_macro   0x00001017      0x103 ./Core/Src/LoRaWAN/lorawan.o
 .debug_macro   0x0000111a       0x6a ./Core/Src/LoRaWAN/lorawan.o
 .debug_macro   0x00001184      0x1df ./Core/Src/LoRaWAN/lorawan.o
 .debug_macro   0x00001363       0x1c ./Core/Src/LoRaWAN/lorawan.o
 .debug_macro   0x0000137f       0x22 ./Core/Src/LoRaWAN/lorawan.o
 .debug_macro   0x000013a1       0xaf ./Core/Src/LoRaWAN/lorawan.o
 .debug_macro   0x00001450      0x4da ./Core/Src/LoRaWAN/lorawan.o
 .debug_macro   0x0000192a      0x11f ./Core/Src/LoRaWAN/lorawan.o
 .debug_macro   0x00001a49     0xa683 ./Core/Src/LoRaWAN/lorawan.o
 .debug_macro   0x0000c0cc       0x66 ./Core/Src/LoRaWAN/lorawan.o
 .debug_macro   0x0000c132     0x35ac ./Core/Src/LoRaWAN/lorawan.o
 .debug_macro   0x0000f6de      0x190 ./Core/Src/LoRaWAN/lorawan.o
 .debug_macro   0x0000f86e       0x5c ./Core/Src/LoRaWAN/lorawan.o
 .debug_macro   0x0000f8ca      0x8ea ./Core/Src/LoRaWAN/lorawan.o
 .debug_macro   0x000101b4      0xbb4 ./Core/Src/LoRaWAN/lorawan.o
 .debug_macro   0x00010d68      0x197 ./Core/Src/LoRaWAN/lorawan.o
 .debug_macro   0x00010eff      0x13f ./Core/Src/LoRaWAN/lorawan.o
 .debug_macro   0x0001103e      0x1d1 ./Core/Src/LoRaWAN/lorawan.o
 .debug_macro   0x0001120f       0x82 ./Core/Src/LoRaWAN/lorawan.o
 .debug_macro   0x00011291      0x28e ./Core/Src/LoRaWAN/lorawan.o
 .debug_macro   0x0001151f      0x1e9 ./Core/Src/LoRaWAN/lorawan.o
 .debug_macro   0x00011708      0x13d ./Core/Src/LoRaWAN/lorawan.o
 .debug_macro   0x00011845      0x4ac ./Core/Src/LoRaWAN/lorawan.o
 .debug_macro   0x00011cf1      0x22c ./Core/Src/LoRaWAN/lorawan.o
 .debug_macro   0x00011f1d       0x5b ./Core/Src/LoRaWAN/lorawan.o
 .debug_macro   0x00011f78       0xa5 ./Core/Src/LoRaWAN/lorawan.o
 .debug_macro   0x0001201d      0x186 ./Core/Src/LoRaWAN/lorawan.o
 .debug_macro   0x000121a3       0x16 ./Core/Src/LoRaWAN/lorawan.o
 .debug_macro   0x000121b9      0x321 ./Core/Src/LoRaWAN/lorawan.o
 .debug_macro   0x000124da      0x419 ./Core/Src/LoRaWAN/lorawan.o
 .debug_macro   0x000128f3       0xf2 ./Core/Src/LoRaWAN/lorawan.o
 .debug_macro   0x000129e5      0x5cf ./Core/Src/LoRaWAN/lorawan.o
 .debug_macro   0x00012fb4       0x44 ./Core/Src/LoRaWAN/lorawan.o
 .debug_macro   0x00012ff8      0x1a2 ./Core/Src/LoRaWAN/lorawan.o
 .debug_macro   0x0001319a       0x61 ./Core/Src/LoRaWAN/lorawan.o
 .debug_macro   0x000131fb       0x24 ./Core/Src/LoRaWAN/lorawan.o
 .debug_macro   0x0001321f       0x43 ./Core/Src/LoRaWAN/lorawan.o
 .debug_macro   0x00013262       0x34 ./Core/Src/LoRaWAN/lorawan.o
 .debug_macro   0x00013296      0x370 ./Core/Src/LoRaWAN/lorawan.o
 .debug_macro   0x00013606       0x16 ./Core/Src/LoRaWAN/lorawan.o
 .debug_macro   0x0001361c       0x4a ./Core/Src/LoRaWAN/lorawan.o
 .debug_macro   0x00013666       0x34 ./Core/Src/LoRaWAN/lorawan.o
 .debug_macro   0x0001369a       0x10 ./Core/Src/LoRaWAN/lorawan.o
 .debug_macro   0x000136aa       0x58 ./Core/Src/LoRaWAN/lorawan.o
 .debug_macro   0x00013702       0x8e ./Core/Src/LoRaWAN/lorawan.o
 .debug_macro   0x00013790       0x1c ./Core/Src/LoRaWAN/lorawan.o
 .debug_macro   0x000137ac      0x185 ./Core/Src/LoRaWAN/lorawan.o
 .debug_macro   0x00013931       0x10 ./Core/Src/LoRaWAN/lorawan.o
 .debug_macro   0x00013941       0x3c ./Core/Src/LoRaWAN/lorawan.o
 .debug_macro   0x0001397d       0x20 ./Core/Src/LoRaWAN/lorawan.o
 .debug_macro   0x0001399d       0x1c ./Core/Src/LoRaWAN/lorawan.o
 .debug_macro   0x000139b9       0x10 ./Core/Src/LoRaWAN/lorawan.o
 .debug_macro   0x000139c9       0x1c ./Core/Src/LoRaWAN/lorawan.o
 .debug_macro   0x000139e5       0x16 ./Core/Src/LoRaWAN/lorawan.o
 .debug_macro   0x000139fb      0x146 ./Core/Src/LoRaWAN/lorawan.o
 .debug_macro   0x00013b41      0x37f ./Core/Src/main.o
 .debug_macro   0x00013ec0       0x16 ./Core/Src/main.o
 .debug_macro   0x00013ed6       0x16 ./Core/Src/main.o
 .debug_macro   0x00013eec       0x4c ./Core/Src/main.o
 .debug_macro   0x00013f38       0x16 ./Core/Src/main.o
 .debug_macro   0x00013f4e       0x22 ./Core/Src/main.o
 .debug_macro   0x00013f70      0x1dd ./Core/Src/stm32l0xx_hal_msp.o
 .debug_macro   0x0001414d      0x1e7 ./Core/Src/stm32l0xx_it.o
 .debug_macro   0x00014334      0x112 ./Core/Src/sysmem.o
 .debug_macro   0x00014446      0x23c ./Core/Src/sysmem.o
 .debug_macro   0x00014682      0x1d3 ./Core/Src/system_stm32l0xx.o
 .debug_macro   0x00014855      0x31c ./Core/Src/sensirion/sensirion.o
 .debug_macro   0x00014b71       0x2e ./Core/Src/sensirion/sensirion.o
 .debug_macro   0x00014b9f       0x2e ./Core/Src/sensirion/sensirion.o
 .debug_macro   0x00014bcd      0x150 ./Core/Src/sensirion/sensirion_common.o
 .debug_macro   0x00014d1d      0x11c ./Core/Src/sensirion/sensirion_common.o
 .debug_macro   0x00014e39       0x9b ./Core/Src/sensirion/sensirion_common.o
 .debug_macro   0x00014ed4      0x197 ./Core/Src/sensirion/sensirion_i2c.o
 .debug_macro   0x0001506b       0x46 ./Core/Src/sensirion/sensirion_i2c.o
 .debug_macro   0x000150b1       0x34 ./Core/Src/sensirion/sensirion_i2c.o
 .debug_macro   0x000150e5      0x2ff ./Core/Src/sensirion/sensirion_i2c_hal.o
 .debug_macro   0x000153e4      0x1a6 ./Core/Src/sensirion/sht4x_i2c.o
 .debug_macro   0x0001558a       0x28 ./Core/Src/sensirion/sht4x_i2c.o
 .debug_macro   0x000155b2       0x4c ./Core/Src/sensirion/sht4x_i2c.o
 .debug_macro   0x000155fe      0x1f7 ./Drivers/STM32L0xx_HAL_Driver/Src/stm32l0xx_hal.o
 .debug_macro   0x000157f5      0x1d3 ./Drivers/STM32L0xx_HAL_Driver/Src/stm32l0xx_hal_cortex.o
 .debug_macro   0x000159c8      0x1da ./Drivers/STM32L0xx_HAL_Driver/Src/stm32l0xx_hal_gpio.o
 .debug_macro   0x00015ba2      0x29f ./Drivers/STM32L0xx_HAL_Driver/Src/stm32l0xx_hal_i2c.o
 .debug_macro   0x00015e41      0x1d3 ./Drivers/STM32L0xx_HAL_Driver/Src/stm32l0xx_hal_i2c_ex.o
 .debug_macro   0x00016014      0x1eb ./Drivers/STM32L0xx_HAL_Driver/Src/stm32l0xx_hal_pwr.o
 .debug_macro   0x000161ff      0x209 ./Drivers/STM32L0xx_HAL_Driver/Src/stm32l0xx_hal_rcc.o
 .debug_macro   0x00016408      0x1d3 ./Drivers/STM32L0xx_HAL_Driver/Src/stm32l0xx_hal_rcc_ex.o
 .debug_macro   0x000165db      0x1d4 ./Drivers/STM32L0xx_HAL_Driver/Src/stm32l0xx_hal_rtc.o
 .debug_macro   0x000167af      0x1d3 ./Drivers/STM32L0xx_HAL_Driver/Src/stm32l0xx_hal_rtc_ex.o
 .debug_macro   0x00016982      0x1fe ./Drivers/STM32L0xx_HAL_Driver/Src/stm32l0xx_hal_uart.o
 .debug_macro   0x00016b80      0x1d3 ./Drivers/STM32L0xx_HAL_Driver/Src/stm32l0xx_hal_uart_ex.o

.debug_line     0x00000000    0x13fc0
 .debug_line    0x00000000      0x9ca ./Core/Src/LoRaWAN/lorawan.o
 .debug_line    0x000009ca      0xb7c ./Core/Src/main.o
 .debug_line    0x00001546      0x7c6 ./Core/Src/stm32l0xx_hal_msp.o
 .debug_line    0x00001d0c      0x71e ./Core/Src/stm32l0xx_it.o
 .debug_line    0x0000242a      0x4bd ./Core/Src/sysmem.o
 .debug_line    0x000028e7      0x772 ./Core/Src/system_stm32l0xx.o
 .debug_line    0x00003059      0x946 ./Core/Src/sensirion/sensirion.o
 .debug_line    0x0000399f      0x66e ./Core/Src/sensirion/sensirion_common.o
 .debug_line    0x0000400d      0xa97 ./Core/Src/sensirion/sensirion_i2c.o
 .debug_line    0x00004aa4      0x8f2 ./Core/Src/sensirion/sensirion_i2c_hal.o
 .debug_line    0x00005396      0x856 ./Core/Src/sensirion/sht4x_i2c.o
 .debug_line    0x00005bec       0x7b ./Core/Startup/startup_stm32l073rztx.o
 .debug_line    0x00005c67      0xa31 ./Drivers/STM32L0xx_HAL_Driver/Src/stm32l0xx_hal.o
 .debug_line    0x00006698      0xb02 ./Drivers/STM32L0xx_HAL_Driver/Src/stm32l0xx_hal_cortex.o
 .debug_line    0x0000719a      0xaa6 ./Drivers/STM32L0xx_HAL_Driver/Src/stm32l0xx_hal_gpio.o
 .debug_line    0x00007c40     0x36d4 ./Drivers/STM32L0xx_HAL_Driver/Src/stm32l0xx_hal_i2c.o
 .debug_line    0x0000b314      0x827 ./Drivers/STM32L0xx_HAL_Driver/Src/stm32l0xx_hal_i2c_ex.o
 .debug_line    0x0000bb3b      0x904 ./Drivers/STM32L0xx_HAL_Driver/Src/stm32l0xx_hal_pwr.o
 .debug_line    0x0000c43f      0xf92 ./Drivers/STM32L0xx_HAL_Driver/Src/stm32l0xx_hal_rcc.o
 .debug_line    0x0000d3d1      0xde7 ./Drivers/STM32L0xx_HAL_Driver/Src/stm32l0xx_hal_rcc_ex.o
 .debug_line    0x0000e1b8     0x10f6 ./Drivers/STM32L0xx_HAL_Driver/Src/stm32l0xx_hal_rtc.o
 .debug_line    0x0000f2ae     0x1344 ./Drivers/STM32L0xx_HAL_Driver/Src/stm32l0xx_hal_rtc_ex.o
 .debug_line    0x000105f2     0x2e03 ./Drivers/STM32L0xx_HAL_Driver/Src/stm32l0xx_hal_uart.o
 .debug_line    0x000133f5      0xbcb ./Drivers/STM32L0xx_HAL_Driver/Src/stm32l0xx_hal_uart_ex.o

.debug_str      0x00000000    0x86cb0
 .debug_str     0x00000000    0x86cb0 ./Core/Src/LoRaWAN/lorawan.o
                              0x81daa (size before relaxing)
 .debug_str     0x00086cb0    0x82ce2 ./Core/Src/main.o
 .debug_str     0x00086cb0    0x7e93f ./Core/Src/stm32l0xx_hal_msp.o
 .debug_str     0x00086cb0    0x7df99 ./Core/Src/stm32l0xx_it.o
 .debug_str     0x00086cb0     0x7674 ./Core/Src/sysmem.o
 .debug_str     0x00086cb0    0x7e064 ./Core/Src/system_stm32l0xx.o
 .debug_str     0x00086cb0    0x81fe3 ./Core/Src/sensirion/sensirion.o
 .debug_str     0x00086cb0     0x75cd ./Core/Src/sensirion/sensirion_common.o
 .debug_str     0x00086cb0     0x7ea8 ./Core/Src/sensirion/sensirion_i2c.o
 .debug_str     0x00086cb0    0x81ed4 ./Core/Src/sensirion/sensirion_i2c_hal.o
 .debug_str     0x00086cb0     0x7e76 ./Core/Src/sensirion/sht4x_i2c.o
 .debug_str     0x00086cb0       0x7a ./Core/Startup/startup_stm32l073rztx.o
 .debug_str     0x00086cb0    0x7e798 ./Drivers/STM32L0xx_HAL_Driver/Src/stm32l0xx_hal.o
 .debug_str     0x00086cb0    0x7e524 ./Drivers/STM32L0xx_HAL_Driver/Src/stm32l0xx_hal_cortex.o
 .debug_str     0x00086cb0    0x7e204 ./Drivers/STM32L0xx_HAL_Driver/Src/stm32l0xx_hal_gpio.o
 .debug_str     0x00086cb0    0x7f36f ./Drivers/STM32L0xx_HAL_Driver/Src/stm32l0xx_hal_i2c.o
 .debug_str     0x00086cb0    0x7e5c8 ./Drivers/STM32L0xx_HAL_Driver/Src/stm32l0xx_hal_i2c_ex.o
 .debug_str     0x00086cb0    0x7e2ef ./Drivers/STM32L0xx_HAL_Driver/Src/stm32l0xx_hal_pwr.o
 .debug_str     0x00086cb0    0x7e59d ./Drivers/STM32L0xx_HAL_Driver/Src/stm32l0xx_hal_rcc.o
 .debug_str     0x00086cb0    0x7e567 ./Drivers/STM32L0xx_HAL_Driver/Src/stm32l0xx_hal_rcc_ex.o
 .debug_str     0x00086cb0    0x7e51a ./Drivers/STM32L0xx_HAL_Driver/Src/stm32l0xx_hal_rtc.o
 .debug_str     0x00086cb0    0x7e7f9 ./Drivers/STM32L0xx_HAL_Driver/Src/stm32l0xx_hal_rtc_ex.o
 .debug_str     0x00086cb0    0x7ee24 ./Drivers/STM32L0xx_HAL_Driver/Src/stm32l0xx_hal_uart.o
 .debug_str     0x00086cb0    0x7e6d9 ./Drivers/STM32L0xx_HAL_Driver/Src/stm32l0xx_hal_uart_ex.o

.comment        0x00000000       0x43
 .comment       0x00000000       0x43 ./Core/Src/LoRaWAN/lorawan.o
                                 0x44 (size before relaxing)
 .comment       0x00000043       0x44 ./Core/Src/main.o
 .comment       0x00000043       0x44 ./Core/Src/stm32l0xx_hal_msp.o
 .comment       0x00000043       0x44 ./Core/Src/stm32l0xx_it.o
 .comment       0x00000043       0x44 ./Core/Src/sysmem.o
 .comment       0x00000043       0x44 ./Core/Src/system_stm32l0xx.o
 .comment       0x00000043       0x44 ./Core/Src/sensirion/sensirion.o
 .comment       0x00000043       0x44 ./Core/Src/sensirion/sensirion_common.o
 .comment       0x00000043       0x44 ./Core/Src/sensirion/sensirion_i2c.o
 .comment       0x00000043       0x44 ./Core/Src/sensirion/sensirion_i2c_hal.o
 .comment       0x00000043       0x44 ./Core/Src/sensirion/sht4x_i2c.o
 .comment       0x00000043       0x44 ./Drivers/STM32L0xx_HAL_Driver/Src/stm32l0xx_hal.o
 .comment       0x00000043       0x44 ./Drivers/STM32L0xx_HAL_Driver/Src/stm32l0xx_hal_cortex.o
 .comment       0x00000043       0x44 ./Drivers/STM32L0xx_HAL_Driver/Src/stm32l0xx_hal_gpio.o
 .comment       0x00000043       0x44 ./Drivers/STM32L0xx_HAL_Driver/Src/stm32l0xx_hal_i2c.o
 .comment       0x00000043       0x44 ./Drivers/STM32L0xx_HAL_Driver/Src/stm32l0xx_hal_i2c_ex.o
 .comment       0x00000043       0x44 ./Drivers/STM32L0xx_HAL_Driver/Src/stm32l0xx_hal_pwr.o
 .comment       0x00000043       0x44 ./Drivers/STM32L0xx_HAL_Driver/Src/stm32l0xx_hal_rcc.o
 .comment       0x00000043       0x44 ./Drivers/STM32L0xx_HAL_Driver/Src/stm32l0xx_hal_rcc_ex.o
 .comment       0x00000043       0x44 ./Drivers/STM32L0xx_HAL_Driver/Src/stm32l0xx_hal_rtc.o
 .comment       0x00000043       0x44 ./Drivers/STM32L0xx_HAL_Driver/Src/stm32l0xx_hal_rtc_ex.o
 .comment       0x00000043       0x44 ./Drivers/STM32L0xx_HAL_Driver/Src/stm32l0xx_hal_uart.o
 .comment       0x00000043       0x44 ./Drivers/STM32L0xx_HAL_Driver/Src/stm32l0xx_hal_uart_ex.o

.debug_frame    0x00000000     0x3c88
 .debug_frame   0x00000000       0xa4 ./Core/Src/LoRaWAN/lorawan.o
 .debug_frame   0x000000a4      0x19c ./Core/Src/main.o
 .debug_frame   0x00000240       0xec ./Core/Src/stm32l0xx_hal_msp.o
 .debug_frame   0x0000032c       0x9c ./Core/Src/stm32l0xx_it.o
 .debug_frame   0x000003c8       0x30 ./Core/Src/sysmem.o
 .debug_frame   0x000003f8       0x4c ./Core/Src/system_stm32l0xx.o
 .debug_frame   0x00000444       0x54 ./Core/Src/sensirion/sensirion.o
 .debug_frame   0x00000498      0x170 ./Core/Src/sensirion/sensirion_common.o
 .debug_frame   0x00000608      0x2d8 ./Core/Src/sensirion/sensirion_i2c.o
 .debug_frame   0x000008e0       0xa8 ./Core/Src/sensirion/sensirion_i2c_hal.o
 .debug_frame   0x00000988      0x1bc ./Core/Src/sensirion/sht4x_i2c.o
 .debug_frame   0x00000b44      0x394 ./Drivers/STM32L0xx_HAL_Driver/Src/stm32l0xx_hal.o
 .debug_frame   0x00000ed8      0x33c ./Drivers/STM32L0xx_HAL_Driver/Src/stm32l0xx_hal_cortex.o
 .debug_frame   0x00001214      0x110 ./Drivers/STM32L0xx_HAL_Driver/Src/stm32l0xx_hal_gpio.o
 .debug_frame   0x00001324      0xa68 ./Drivers/STM32L0xx_HAL_Driver/Src/stm32l0xx_hal_i2c.o
 .debug_frame   0x00001d8c       0xd0 ./Drivers/STM32L0xx_HAL_Driver/Src/stm32l0xx_hal_i2c_ex.o
 .debug_frame   0x00001e5c      0x200 ./Drivers/STM32L0xx_HAL_Driver/Src/stm32l0xx_hal_pwr.o
 .debug_frame   0x0000205c      0x1a4 ./Drivers/STM32L0xx_HAL_Driver/Src/stm32l0xx_hal_rcc.o
 .debug_frame   0x00002200      0x244 ./Drivers/STM32L0xx_HAL_Driver/Src/stm32l0xx_hal_rcc_ex.o
 .debug_frame   0x00002444      0x360 ./Drivers/STM32L0xx_HAL_Driver/Src/stm32l0xx_hal_rtc.o
 .debug_frame   0x000027a4      0x478 ./Drivers/STM32L0xx_HAL_Driver/Src/stm32l0xx_hal_rtc_ex.o
 .debug_frame   0x00002c1c      0x854 ./Drivers/STM32L0xx_HAL_Driver/Src/stm32l0xx_hal_uart.o
 .debug_frame   0x00003470      0x1b4 ./Drivers/STM32L0xx_HAL_Driver/Src/stm32l0xx_hal_uart_ex.o
 .debug_frame   0x00003624      0x138 /opt/st/stm32cubeide_1.19.0/plugins/com.st.stm32cube.ide.mcu.externaltools.gnu-tools-for-stm32.13.3.rel1.linux64_1.0.0.202410170706/tools/bin/../lib/gcc/arm-none-eabi/13.3.1/../../../../arm-none-eabi/lib/thumb/v6-m/nofp/libc_nano.a(libc_a-findfp.o)
 .debug_frame   0x0000375c       0x50 /opt/st/stm32cubeide_1.19.0/plugins/com.st.stm32cube.ide.mcu.externaltools.gnu-tools-for-stm32.13.3.rel1.linux64_1.0.0.202410170706/tools/bin/../lib/gcc/arm-none-eabi/13.3.1/../../../../arm-none-eabi/lib/thumb/v6-m/nofp/libc_nano.a(libc_a-snprintf.o)
 .debug_frame   0x000037ac       0x50 /opt/st/stm32cubeide_1.19.0/plugins/com.st.stm32cube.ide.mcu.externaltools.gnu-tools-for-stm32.13.3.rel1.linux64_1.0.0.202410170706/tools/bin/../lib/gcc/arm-none-eabi/13.3.1/../../../../arm-none-eabi/lib/thumb/v6-m/nofp/libc_nano.a(libc_a-sprintf.o)
 .debug_frame   0x000037fc       0x48 /opt/st/stm32cubeide_1.19.0/plugins/com.st.stm32cube.ide.mcu.externaltools.gnu-tools-for-stm32.13.3.rel1.linux64_1.0.0.202410170706/tools/bin/../lib/gcc/arm-none-eabi/13.3.1/../../../../arm-none-eabi/lib/thumb/v6-m/nofp/libc_nano.a(libc_a-vsnprintf.o)
 .debug_frame   0x00003844       0x20 /opt/st/stm32cubeide_1.19.0/plugins/com.st.stm32cube.ide.mcu.externaltools.gnu-tools-for-stm32.13.3.rel1.linux64_1.0.0.202410170706/tools/bin/../lib/gcc/arm-none-eabi/13.3.1/../../../../arm-none-eabi/lib/thumb/v6-m/nofp/libc_nano.a(libc_a-memset.o)
 .debug_frame   0x00003864       0x2c /opt/st/stm32cubeide_1.19.0/plugins/com.st.stm32cube.ide.mcu.externaltools.gnu-tools-for-stm32.13.3.rel1.linux64_1.0.0.202410170706/tools/bin/../lib/gcc/arm-none-eabi/13.3.1/../../../../arm-none-eabi/lib/thumb/v6-m/nofp/libc_nano.a(libc_a-strstr.o)
 .debug_frame   0x00003890       0x2c /opt/st/stm32cubeide_1.19.0/plugins/com.st.stm32cube.ide.mcu.externaltools.gnu-tools-for-stm32.13.3.rel1.linux64_1.0.0.202410170706/tools/bin/../lib/gcc/arm-none-eabi/13.3.1/../../../../arm-none-eabi/lib/thumb/v6-m/nofp/libc_nano.a(libc_a-reent.o)
 .debug_frame   0x000038bc       0x20 /opt/st/stm32cubeide_1.19.0/plugins/com.st.stm32cube.ide.mcu.externaltools.gnu-tools-for-stm32.13.3.rel1.linux64_1.0.0.202410170706/tools/bin/../lib/gcc/arm-none-eabi/13.3.1/../../../../arm-none-eabi/lib/thumb/v6-m/nofp/libc_nano.a(libc_a-errno.o)
 .debug_frame   0x000038dc       0x2c /opt/st/stm32cubeide_1.19.0/plugins/com.st.stm32cube.ide.mcu.externaltools.gnu-tools-for-stm32.13.3.rel1.linux64_1.0.0.202410170706/tools/bin/../lib/gcc/arm-none-eabi/13.3.1/../../../../arm-none-eabi/lib/thumb/v6-m/nofp/libc_nano.a(libc_a-init.o)
 .debug_frame   0x00003908       0xb0 /opt/st/stm32cubeide_1.19.0/plugins/com.st.stm32cube.ide.mcu.externaltools.gnu-tools-for-stm32.13.3.rel1.linux64_1.0.0.202410170706/tools/bin/../lib/gcc/arm-none-eabi/13.3.1/../../../../arm-none-eabi/lib/thumb/v6-m/nofp/libc_nano.a(libc_a-lock.o)
 .debug_frame   0x000039b8       0x2c /opt/st/stm32cubeide_1.19.0/plugins/com.st.stm32cube.ide.mcu.externaltools.gnu-tools-for-stm32.13.3.rel1.linux64_1.0.0.202410170706/tools/bin/../lib/gcc/arm-none-eabi/13.3.1/../../../../arm-none-eabi/lib/thumb/v6-m/nofp/libc_nano.a(libc_a-freer.o)
 .debug_frame   0x000039e4       0x50 /opt/st/stm32cubeide_1.19.0/plugins/com.st.stm32cube.ide.mcu.externaltools.gnu-tools-for-stm32.13.3.rel1.linux64_1.0.0.202410170706/tools/bin/../lib/gcc/arm-none-eabi/13.3.1/../../../../arm-none-eabi/lib/thumb/v6-m/nofp/libc_nano.a(libc_a-mallocr.o)
 .debug_frame   0x00003a34       0x40 /opt/st/stm32cubeide_1.19.0/plugins/com.st.stm32cube.ide.mcu.externaltools.gnu-tools-for-stm32.13.3.rel1.linux64_1.0.0.202410170706/tools/bin/../lib/gcc/arm-none-eabi/13.3.1/../../../../arm-none-eabi/lib/thumb/v6-m/nofp/libc_nano.a(libc_a-mlock.o)
 .debug_frame   0x00003a74       0x74 /opt/st/stm32cubeide_1.19.0/plugins/com.st.stm32cube.ide.mcu.externaltools.gnu-tools-for-stm32.13.3.rel1.linux64_1.0.0.202410170706/tools/bin/../lib/gcc/arm-none-eabi/13.3.1/../../../../arm-none-eabi/lib/thumb/v6-m/nofp/libc_nano.a(libc_a-nano-svfprintf.o)
 .debug_frame   0x00003ae8       0x54 /opt/st/stm32cubeide_1.19.0/plugins/com.st.stm32cube.ide.mcu.externaltools.gnu-tools-for-stm32.13.3.rel1.linux64_1.0.0.202410170706/tools/bin/../lib/gcc/arm-none-eabi/13.3.1/../../../../arm-none-eabi/lib/thumb/v6-m/nofp/libc_nano.a(libc_a-nano-vfprintf_i.o)
 .debug_frame   0x00003b3c       0x28 /opt/st/stm32cubeide_1.19.0/plugins/com.st.stm32cube.ide.mcu.externaltools.gnu-tools-for-stm32.13.3.rel1.linux64_1.0.0.202410170706/tools/bin/../lib/gcc/arm-none-eabi/13.3.1/../../../../arm-none-eabi/lib/thumb/v6-m/nofp/libc_nano.a(libc_a-memmove.o)
 .debug_frame   0x00003b64       0x2c /opt/st/stm32cubeide_1.19.0/plugins/com.st.stm32cube.ide.mcu.externaltools.gnu-tools-for-stm32.13.3.rel1.linux64_1.0.0.202410170706/tools/bin/../lib/gcc/arm-none-eabi/13.3.1/../../../../arm-none-eabi/lib/thumb/v6-m/nofp/libc_nano.a(libc_a-sbrkr.o)
 .debug_frame   0x00003b90       0x20 /opt/st/stm32cubeide_1.19.0/plugins/com.st.stm32cube.ide.mcu.externaltools.gnu-tools-for-stm32.13.3.rel1.linux64_1.0.0.202410170706/tools/bin/../lib/gcc/arm-none-eabi/13.3.1/../../../../arm-none-eabi/lib/thumb/v6-m/nofp/libc_nano.a(libc_a-memchr-stub.o)
 .debug_frame   0x00003bb0       0x28 /opt/st/stm32cubeide_1.19.0/plugins/com.st.stm32cube.ide.mcu.externaltools.gnu-tools-for-stm32.13.3.rel1.linux64_1.0.0.202410170706/tools/bin/../lib/gcc/arm-none-eabi/13.3.1/../../../../arm-none-eabi/lib/thumb/v6-m/nofp/libc_nano.a(libc_a-memcpy-stub.o)
 .debug_frame   0x00003bd8       0x34 /opt/st/stm32cubeide_1.19.0/plugins/com.st.stm32cube.ide.mcu.externaltools.gnu-tools-for-stm32.13.3.rel1.linux64_1.0.0.202410170706/tools/bin/../lib/gcc/arm-none-eabi/13.3.1/../../../../arm-none-eabi/lib/thumb/v6-m/nofp/libc_nano.a(libc_a-reallocr.o)
 .debug_frame   0x00003c0c       0x20 /opt/st/stm32cubeide_1.19.0/plugins/com.st.stm32cube.ide.mcu.externaltools.gnu-tools-for-stm32.13.3.rel1.linux64_1.0.0.202410170706/tools/bin/../lib/gcc/arm-none-eabi/13.3.1/../../../../arm-none-eabi/lib/thumb/v6-m/nofp/libc_nano.a(libc_a-msizer.o)
 .debug_frame   0x00003c2c       0x20 /opt/st/stm32cubeide_1.19.0/plugins/com.st.stm32cube.ide.mcu.externaltools.gnu-tools-for-stm32.13.3.rel1.linux64_1.0.0.202410170706/tools/bin/../lib/gcc/arm-none-eabi/13.3.1/thumb/v6-m/nofp/libgcc.a(_udivsi3.o)
 .debug_frame   0x00003c4c       0x3c /opt/st/stm32cubeide_1.19.0/plugins/com.st.stm32cube.ide.mcu.externaltools.gnu-tools-for-stm32.13.3.rel1.linux64_1.0.0.202410170706/tools/bin/../lib/gcc/arm-none-eabi/13.3.1/thumb/v6-m/nofp/libgcc.a(_udivmoddi4.o)

.debug_line_str
                0x00000000       0x5e
 .debug_line_str
                0x00000000       0x5e ./Core/Startup/startup_stm32l073rztx.o