../Core/Src/sleep/sleep.c:17:6:enter_sleep_mode	8	static
../Core/Src/sleep/sleep.c:89:6:RTC_WakeUp_Init	8	static
../Core/Src/sleep/sleep.c:115:6:MX_ADC_DeInit	8	static
../Core/Src/sleep/sleep.c:140:6:Enter_Stop_Mode	8	static
../Core/Src/sleep/sleep.c:179:6:HAL_RTCEx_WakeUpTimerEventCallback	16	static
../Core/Src/sleep/sleep.c:185:6:configure_gpio_for_low_power	56	static
../Core/Src/sleep/sleep.c:243:6:restore_gpio_after_sleep	8	static
../Core/Src/sleep/sleep.c:251:6:debug_power_state	8	static
../Core/Src/sleep/sleep.c:287:6:post_wake_power_optimization	8	static
