../Core/Src/main.c:109:5:main	32	static
../Core/Src/main.c:193:6:SystemClock_Config	136	static
../Core/Src/main.c:247:6:MX_ADC_Init	8	static
../Core/Src/main.c:295:6:MX_I2C1_Init	8	static
../Core/Src/main.c:343:6:MX_LPUART1_UART_Init	8	static
../Core/Src/main.c:377:6:MX_USART1_UART_Init	8	static
../Core/Src/main.c:412:13:MX_RTC_Init	8	static
../Core/Src/main.c:448:13:MX_GPIO_Init	48	static
../Core/Src/main.c:484:6:ConsolePrintf	400	static
../Core/Src/main.c:519:6:Error_Handler	8	static,ignoring_inline_asm
