../Core/Src/main.c:105:6:RTC_IRQHandler	8	static
../Core/Src/main.c:110:6:RTC_WakeUp_Init	8	static
../Core/Src/main.c:136:6:HAL_RTCEx_WakeUpTimerEventCallback	16	static
../Core/Src/main.c:145:6:Enter_Stop_Mode	8	static
../Core/Src/main.c:179:10:ReadBattery_mV	40	static
../Core/Src/main.c:248:5:main	24	static
../Core/Src/main.c:368:6:SystemClock_Config	136	static
../Core/Src/main.c:422:13:MX_ADC_Init	16	static
../Core/Src/main.c:494:13:MX_I2C1_Init	8	static
../Core/Src/main.c:542:13:MX_LPUART1_UART_Init	8	static
../Core/Src/main.c:576:13:MX_USART1_UART_Init	8	static
../Core/Src/main.c:611:13:MX_RTC_Init	8	static
../Core/Src/main.c:647:13:MX_GPIO_Init	48	static
../Core/Src/main.c:674:6:ConsolePrintf	400	static
../Core/Src/main.c:709:6:Error_Handler	8	static,ignoring_inline_asm
