../Core/Src/lorawan/lorawan_config.c:58:6:lorawan_configure	320	static
../Core/Src/lorawan/lorawan_config.c:156:13:validate_hex_string	24	static
../Core/Src/lorawan/lorawan_config.c:176:24:set_dev_eui	368	static
../Core/Src/lorawan/lorawan_config.c:231:24:set_app_eui	112	static
../Core/Src/lorawan/lorawan_config.c:283:24:set_app_key	144	static
../Core/Src/lorawan/lorawan_config.c:336:24:configure_region_and_channel	80	static
../Core/Src/lorawan/lorawan_config.c:358:24:check_and_set_frequency	296	static
../Core/Src/lorawan/lorawan_config.c:380:24:configure_lorawan_params	32	static
../Core/Src/lorawan/lorawan_config.c:407:24:set_adr	80	static
../Core/Src/lorawan/lorawan_config.c:420:24:set_otaa	80	static
../Core/Src/lorawan/lorawan_config.c:432:24:set_class_a	40	static
../Core/Src/lorawan/lorawan_config.c:443:24:set_data_rate	80	static
../Core/Src/lorawan/lorawan_config.c:456:24:set_tx_power	80	static
../Core/Src/lorawan/lorawan_config.c:468:17:join_network	296	static
../Core/Src/lorawan/lorawan_config.c:487:24:factor_reset	40	static
../Core/Src/lorawan/lorawan_config.c:504:24:save_and_reset	40	static
../Core/Src/lorawan/lorawan_config.c:518:6:to_hex_str	56	static
../Core/Src/lorawan/lorawan_config.c:527:6:format_at_send_cmd	72	static
